Archive member included because of file (symbol)

c:/program files (x86)/microchip/mplab c32 suite - 2.1/bin/../lib/gcc/pic32mx/4.5.1\libgcc.a(floatunsisf.o)
                              build/default/production/DataCapture.o (__floatunsisf)
c:/program files (x86)/microchip/mplab c32 suite - 2.1/bin/../lib/gcc/pic32mx/4.5.1/../../../../pic32mx/lib\libc.a(memcpy.o)
                              build/default/production/ID.o (memcpy)
c:/program files (x86)/microchip/mplab c32 suite - 2.1/bin/../lib/gcc/pic32mx/4.5.1/../../../../pic32mx/lib\libc.a(memset.o)
                              build/default/production/USB/usb_device.o (memset)
c:/program files (x86)/microchip/mplab c32 suite - 2.1/bin/../lib/gcc/pic32mx/4.5.1/../../../../pic32mx/lib\libc.a(strcmp.o)
                              build/default/production/DataCapture.o (strcmp)
c:/program files (x86)/microchip/mplab c32 suite - 2.1/bin/../lib/gcc/pic32mx/4.5.1/../../../../pic32mx/lib\libc.a(general-exception.o)
                              c:/program files (x86)/microchip/mplab c32 suite - 2.1/bin/../lib/gcc/pic32mx/4.5.1/../../../../pic32mx/lib/crt0.o (_general_exception_context)
c:/program files (x86)/microchip/mplab c32 suite - 2.1/bin/../lib/gcc/pic32mx/4.5.1/../../../../pic32mx/lib\libc.a(_iob.o)
                              build/default/production/D32.o (_iob)
c:/program files (x86)/microchip/mplab c32 suite - 2.1/bin/../lib/gcc/pic32mx/4.5.1/../../../../pic32mx/lib\libc.a(ctype.o)
                              build/default/production/D32.o (_ctype)
c:/program files (x86)/microchip/mplab c32 suite - 2.1/bin/../lib/gcc/pic32mx/4.5.1/../../../../pic32mx/lib\libc.a(ctypef.o)
                              build/default/production/D32.o (toupper)
c:/program files (x86)/microchip/mplab c32 suite - 2.1/bin/../lib/gcc/pic32mx/4.5.1/../../../../pic32mx/lib\libc.a(puts.o)
                              build/default/production/D32.o (puts)
c:/program files (x86)/microchip/mplab c32 suite - 2.1/bin/../lib/gcc/pic32mx/4.5.1/../../../../pic32mx/lib\libc.a(strchr.o)
                              build/default/production/D32.o (strchr)
c:/program files (x86)/microchip/mplab c32 suite - 2.1/bin/../lib/gcc/pic32mx/4.5.1/../../../../pic32mx/lib\libc.a(strtol.o)
                              build/default/production/D32.o (strtol)
c:/program files (x86)/microchip/mplab c32 suite - 2.1/bin/../lib/gcc/pic32mx/4.5.1/../../../../pic32mx/lib\libc.a(printf_s.eo)
                              build/default/production/Camera.o (_printf_0)
c:/program files (x86)/microchip/mplab c32 suite - 2.1/bin/../lib/gcc/pic32mx/4.5.1/../../../../pic32mx/lib\libc.a(sprintf.o)
                              build/default/production/DataCapture.o (sprintf)
c:/program files (x86)/microchip/mplab c32 suite - 2.1/bin/../lib/gcc/pic32mx/4.5.1/../../../../pic32mx/lib\libc.a(default-general-exception-handler.o)
                              c:/program files (x86)/microchip/mplab c32 suite - 2.1/bin/../lib/gcc/pic32mx/4.5.1/../../../../pic32mx/lib\libc.a(general-exception.o) (_general_exception_handler)
c:/program files (x86)/microchip/mplab c32 suite - 2.1/bin/../lib/gcc/pic32mx/4.5.1/../../../../pic32mx/lib\libc.a(default-bootstrap-exception-handler.o)
                              c:/program files (x86)/microchip/mplab c32 suite - 2.1/bin/../lib/gcc/pic32mx/4.5.1/../../../../pic32mx/lib/crt0.o (_bootstrap_exception_handler)
c:/program files (x86)/microchip/mplab c32 suite - 2.1/bin/../lib/gcc/pic32mx/4.5.1/../../../../pic32mx/lib\libc.a(default-on-reset.o)
                              c:/program files (x86)/microchip/mplab c32 suite - 2.1/bin/../lib/gcc/pic32mx/4.5.1/../../../../pic32mx/lib/crt0.o (_on_reset)
c:/program files (x86)/microchip/mplab c32 suite - 2.1/bin/../lib/gcc/pic32mx/4.5.1/../../../../pic32mx/lib\libc.a(default-on-bootstrap.o)
                              c:/program files (x86)/microchip/mplab c32 suite - 2.1/bin/../lib/gcc/pic32mx/4.5.1/../../../../pic32mx/lib/crt0.o (_on_bootstrap)
c:/program files (x86)/microchip/mplab c32 suite - 2.1/bin/../lib/gcc/pic32mx/4.5.1/../../../../pic32mx/lib\libc.a(default-nmi-handler.o)
                              c:/program files (x86)/microchip/mplab c32 suite - 2.1/bin/../lib/gcc/pic32mx/4.5.1/../../../../pic32mx/lib/crt0.o (_nmi_handler)
c:/program files (x86)/microchip/mplab c32 suite - 2.1/bin/../lib/gcc/pic32mx/4.5.1/../../../../pic32mx/lib\libc.a(_fputc_simple.o)
                              c:/program files (x86)/microchip/mplab c32 suite - 2.1/bin/../lib/gcc/pic32mx/4.5.1/../../../../pic32mx/lib\libc.a(puts.o) (fputc)
c:/program files (x86)/microchip/mplab c32 suite - 2.1/bin/../lib/gcc/pic32mx/4.5.1/../../../../pic32mx/lib\libc.a(errno.o)
                              c:/program files (x86)/microchip/mplab c32 suite - 2.1/bin/../lib/gcc/pic32mx/4.5.1/../../../../pic32mx/lib\libc.a(strtol.o) (errno)
[...]
Memory Configuration

Name             Origin             Length             Attributes
kseg0_program_mem 0x9d006a00         0x0007a600         xr
kseg0_boot_mem   0x9d006490         0x00000970
exception_mem    0x9d005000         0x00001000
kseg1_boot_mem   0x9d006000         0x00000490
debug_exec_mem   0xbfc02000         0x00000ff0
config3          0xbfc02ff0         0x00000004
config2          0xbfc02ff4         0x00000004
config1          0xbfc02ff8         0x00000004
config0          0xbfc02ffc         0x00000004
boot_software_key 0xa0000000         0x00000004
kseg1_data_mem   0xa0000004         0x00007ffc         w !x
sfrs             0xbf800000         0x00100000
*default*        0x00000000         0xffffffff

Linker script and memory map

LOAD c:/program files (x86)/microchip/mplab c32 suite - 2.1/bin/../lib/gcc/pic32mx/4.5.1/../../../../pic32mx/lib/crt0.o
LOAD build/default/production/USB/usb_device.o
LOAD build/default/production/USB/CDC Device Driver/usb_function_cdc.o
LOAD build/default/production/usb_descriptors.o
LOAD build/default/production/main.o
LOAD build/default/production/D32.o
LOAD build/default/production/LCDlib.o
LOAD build/default/production/DataCapture.o
LOAD build/default/production/ID.o
LOAD build/default/production/Utilities.o
LOAD build/default/production/Camera.o
LOAD build/default/production/ExtIO.o
LOAD build/default/production/Ports.o
                0x00000001                __MPLAB_BUILD = 0x1
LOAD c:/program files (x86)/microchip/mplab c32 suite - 2.1/bin/../lib/gcc/pic32mx/4.5.1\libgcc.a
START GROUP
LOAD c:/program files (x86)/microchip/mplab c32 suite - 2.1/bin/../lib/gcc/pic32mx/4.5.1/../../../../pic32mx/lib\libdebug.a
LOAD c:/program files (x86)/microchip/mplab c32 suite - 2.1/bin/../lib/gcc/pic32mx/4.5.1/../../../../pic32mx/lib\libc.a
LOAD c:/program files (x86)/microchip/mplab c32 suite - 2.1/bin/../lib/gcc/pic32mx/4.5.1/../../../../pic32mx/lib\libm.a
LOAD c:/program files (x86)/microchip/mplab c32 suite - 2.1/bin/../lib/gcc/pic32mx/4.5.1/../../../../pic32mx/lib\libe.a
LOAD c:/program files (x86)/microchip/mplab c32 suite - 2.1/bin/../lib/gcc/pic32mx/4.5.1/../../../../pic32mx/lib\libdsp.a
LOAD c:/program files (x86)/microchip/mplab c32 suite - 2.1/bin/../lib/gcc/pic32mx/4.5.1/../../../../pic32mx/lib\libmchp_peripheral.a
LOAD c:/program files (x86)/microchip/mplab c32 suite - 2.1/bin/../lib/gcc/pic32mx/4.5.1/../../../../pic32mx/lib\libmchp_peripheral_32MX460F512L.a
END GROUP
LOAD c:/program files (x86)/microchip/mplab c32 suite - 2.1/bin/../lib/gcc/pic32mx/4.5.1\libgcc.a
                0x00000400                PROVIDE (_min_stack_size, 0x400)
                0x00000000                PROVIDE (_min_heap_size, 0x0)
LOAD c:/program files (x86)/microchip/mplab c32 suite - 2.1/bin/../lib/gcc/pic32mx/4.5.1/../../../../pic32mx/lib/./proc/32MX460F512L\processor.o
                0x00000001                PROVIDE (_vector_spacing, 0x1)
                0x9d005000                _ebase_address = 0x9d005000
                0x9d006000                _RESET_ADDR = 0x9d006000
                0x9d006380                _BEV_EXCPT_ADDR = 0x9d006380
                0x9d006480                _DBG_EXCPT_ADDR = 0x9d006480
                0xbfc02000                _DBG_CODE_ADDR = 0xbfc02000
                0x9d005180                _GEN_EXCPT_ADDR = (_ebase_address + 0x180)

.boot_software_key_sec
                0xa0000000        0x4
 *(.boot_software_key_sec)
 .boot_software_key_sec
                0xa0000000        0x4 build/default/production/D32.o
                0xa0000000                SoftwareKey

.config_BFC02FF0
 *(.config_BFC02FF0)

.config_BFC02FF4
                0xbfc02ff4        0x4
 *(.config_BFC02FF4)
 .config_BFC02FF4
                0xbfc02ff4        0x4 build/default/production/main.o

.config_BFC02FF8
                0xbfc02ff8        0x4
 *(.config_BFC02FF8)
 .config_BFC02FF8
                0xbfc02ff8        0x4 build/default/production/main.o

.config_BFC02FFC
                0xbfc02ffc        0x4
 *(.config_BFC02FFC)
 .config_BFC02FFC
                0xbfc02ffc        0x4 build/default/production/main.o
                0xbfc02000                PROVIDE (_DBG_CODE_ADDR, 0xbfc02000)
                0x00000ff0                PROVIDE (_DBG_CODE_SIZE, 0xff0)

.reset          0x9d006000      0x1f4
 *(.reset)
 .reset         0x9d006000       0x10 c:/program files (x86)/microchip/mplab c32 suite - 2.1/bin/../lib/gcc/pic32mx/4.5.1/../../../../pic32mx/lib/crt0.o
                0x9d006000                _reset
 *(.reset.startup)
 .reset.startup
                0x9d006010      0x1e4 c:/program files (x86)/microchip/mplab c32 suite - 2.1/bin/../lib/gcc/pic32mx/4.5.1/../../../../pic32mx/lib/crt0.o

.bev_excpt      0x9d006380       0x10
 *(.bev_handler)
 .bev_handler   0x9d006380       0x10 c:/program files (x86)/microchip/mplab c32 suite - 2.1/bin/../lib/gcc/pic32mx/4.5.1/../../../../pic32mx/lib/crt0.o

.dbg_excpt      0x9d006480        0x0
                0x9d006480                . = (. + DEFINED (_DEBUGGER)?0x8:0x0)

.dbg_code       0xbfc02000        0x0
                0xbfc02000                . = (. + DEFINED (_DEBUGGER)?_DBG_CODE_SIZE:0x0)

.app_excpt      0x9d005180       0x10
 *(.gen_handler)
 .gen_handler   0x9d005180       0x10 c:/program files (x86)/microchip/mplab c32 suite - 2.1/bin/../lib/gcc/pic32mx/4.5.1/../../../../pic32mx/lib/crt0.o

.vector_0       0x9d005200        0x0
 *(.vector_0)
                0x00000001                ASSERT (((_vector_spacing == 0x0) || (SIZEOF (.vector_0) <= (_vector_spacing << 0x5))), function at exception vector 0 too large)

.vector_1       0x9d005220        0x0
 *(.vector_1)
                0x00000001                ASSERT (((_vector_spacing == 0x0) || (SIZEOF (.vector_1) <= (_vector_spacing << 0x5))), function at exception vector 1 too large)

.vector_2       0x9d005240        0x0
 *(.vector_2)
                0x00000001                ASSERT (((_vector_spacing == 0x0) || (SIZEOF (.vector_2) <= (_vector_spacing << 0x5))), function at exception vector 2 too large)

.vector_3       0x9d005260        0x0
 *(.vector_3)
                0x00000001                ASSERT (((_vector_spacing == 0x0) || (SIZEOF (.vector_3) <= (_vector_spacing << 0x5))), function at exception vector 3 too large)

.vector_4       0x9d005280        0x8
 *(.vector_4)
 .vector_4      0x9d005280        0x8 build/default/production/DataCapture.o
                0x00000001                ASSERT (((_vector_spacing == 0x0) || (SIZEOF (.vector_4) <= (_vector_spacing << 0x5))), function at exception vector 4 too large)

.vector_5       0x9d0052a0        0x0
 *(.vector_5)
                0x00000001                ASSERT (((_vector_spacing == 0x0) || (SIZEOF (.vector_5) <= (_vector_spacing << 0x5))), function at exception vector 5 too large)

.vector_6       0x9d0052c0        0x0
 *(.vector_6)
                0x00000001                ASSERT (((_vector_spacing == 0x0) || (SIZEOF (.vector_6) <= (_vector_spacing << 0x5))), function at exception vector 6 too large)

.vector_7       0x9d0052e0        0x8
 *(.vector_7)
 .vector_7      0x9d0052e0        0x8 build/default/production/Camera.o
                0x00000001                ASSERT (((_vector_spacing == 0x0) || (SIZEOF (.vector_7) <= (_vector_spacing << 0x5))), function at exception vector 7 too large)

.vector_8       0x9d005300        0x0
 *(.vector_8)
                0x00000001                ASSERT (((_vector_spacing == 0x0) || (SIZEOF (.vector_8) <= (_vector_spacing << 0x5))), function at exception vector 8 too large)

.vector_9       0x9d005320        0x0
 *(.vector_9)
                0x00000001                ASSERT (((_vector_spacing == 0x0) || (SIZEOF (.vector_9) <= (_vector_spacing << 0x5))), function at exception vector 9 too large)

.vector_10      0x9d005340        0x0
 *(.vector_10)
                0x00000001                ASSERT (((_vector_spacing == 0x0) || (SIZEOF (.vector_10) <= (_vector_spacing << 0x5))), function at exception vector 10 too large)

.vector_11      0x9d005360        0x8
 *(.vector_11)
 .vector_11     0x9d005360        0x8 build/default/production/ExtIO.o
                0x00000001                ASSERT (((_vector_spacing == 0x0) || (SIZEOF (.vector_11) <= (_vector_spacing << 0x5))), function at exception vector 11 too large)

.vector_12      0x9d005380        0x0
 *(.vector_12)
                0x00000001                ASSERT (((_vector_spacing == 0x0) || (SIZEOF (.vector_12) <= (_vector_spacing << 0x5))), function at exception vector 12 too large)

.vector_13      0x9d0053a0        0x0
 *(.vector_13)
                0x00000001                ASSERT (((_vector_spacing == 0x0) || (SIZEOF (.vector_13) <= (_vector_spacing << 0x5))), function at exception vector 13 too large)

.vector_14      0x9d0053c0        0x0
 *(.vector_14)
                0x00000001                ASSERT (((_vector_spacing == 0x0) || (SIZEOF (.vector_14) <= (_vector_spacing << 0x5))), function at exception vector 14 too large)

.vector_15      0x9d0053e0        0x0
 *(.vector_15)
                0x00000001                ASSERT (((_vector_spacing == 0x0) || (SIZEOF (.vector_15) <= (_vector_spacing << 0x5))), function at exception vector 15 too large)

.vector_16      0x9d005400        0x0
 *(.vector_16)
                0x00000001                ASSERT (((_vector_spacing == 0x0) || (SIZEOF (.vector_16) <= (_vector_spacing << 0x5))), function at exception vector 16 too large)

.vector_17      0x9d005420        0x0
 *(.vector_17)
                0x00000001                ASSERT (((_vector_spacing == 0x0) || (SIZEOF (.vector_17) <= (_vector_spacing << 0x5))), function at exception vector 17 too large)

.vector_18      0x9d005440        0x0
 *(.vector_18)
                0x00000001                ASSERT (((_vector_spacing == 0x0) || (SIZEOF (.vector_18) <= (_vector_spacing << 0x5))), function at exception vector 18 too large)

.vector_19      0x9d005460        0x0
 *(.vector_19)
                0x00000001                ASSERT (((_vector_spacing == 0x0) || (SIZEOF (.vector_19) <= (_vector_spacing << 0x5))), function at exception vector 19 too large)

.vector_20      0x9d005480        0x0
 *(.vector_20)
                0x00000001                ASSERT (((_vector_spacing == 0x0) || (SIZEOF (.vector_20) <= (_vector_spacing << 0x5))), function at exception vector 20 too large)

.vector_21      0x9d0054a0        0x0
 *(.vector_21)
                0x00000001                ASSERT (((_vector_spacing == 0x0) || (SIZEOF (.vector_21) <= (_vector_spacing << 0x5))), function at exception vector 21 too large)

.vector_22      0x9d0054c0        0x0
 *(.vector_22)
                0x00000001                ASSERT (((_vector_spacing == 0x0) || (SIZEOF (.vector_22) <= (_vector_spacing << 0x5))), function at exception vector 22 too large)

.vector_23      0x9d0054e0        0x0
 *(.vector_23)
                0x00000001                ASSERT (((_vector_spacing == 0x0) || (SIZEOF (.vector_23) <= (_vector_spacing << 0x5))), function at exception vector 23 too large)

.vector_24      0x9d005500        0x0
 *(.vector_24)
                0x00000001                ASSERT (((_vector_spacing == 0x0) || (SIZEOF (.vector_24) <= (_vector_spacing << 0x5))), function at exception vector 24 too large)

.vector_25      0x9d005520        0x0
 *(.vector_25)
                0x00000001                ASSERT (((_vector_spacing == 0x0) || (SIZEOF (.vector_25) <= (_vector_spacing << 0x5))), function at exception vector 25 too large)

.vector_26      0x9d005540        0x0
 *(.vector_26)
                0x00000001                ASSERT (((_vector_spacing == 0x0) || (SIZEOF (.vector_26) <= (_vector_spacing << 0x5))), function at exception vector 26 too large)

.vector_27      0x9d005560        0x0
 *(.vector_27)
                0x00000001                ASSERT (((_vector_spacing == 0x0) || (SIZEOF (.vector_27) <= (_vector_spacing << 0x5))), function at exception vector 27 too large)

.vector_28      0x9d005580        0x0
 *(.vector_28)
                0x00000001                ASSERT (((_vector_spacing == 0x0) || (SIZEOF (.vector_28) <= (_vector_spacing << 0x5))), function at exception vector 28 too large)

.vector_29      0x9d0055a0        0x0
 *(.vector_29)
                0x00000001                ASSERT (((_vector_spacing == 0x0) || (SIZEOF (.vector_29) <= (_vector_spacing << 0x5))), function at exception vector 29 too large)

.vector_30      0x9d0055c0        0x0
 *(.vector_30)
                0x00000001                ASSERT (((_vector_spacing == 0x0) || (SIZEOF (.vector_30) <= (_vector_spacing << 0x5))), function at exception vector 30 too large)

.vector_31      0x9d0055e0        0x0
 *(.vector_31)
                0x00000001                ASSERT (((_vector_spacing == 0x0) || (SIZEOF (.vector_31) <= (_vector_spacing << 0x5))), function at exception vector 31 too large)

.vector_32      0x9d005600        0x0
 *(.vector_32)
                0x00000001                ASSERT (((_vector_spacing == 0x0) || (SIZEOF (.vector_32) <= (_vector_spacing << 0x5))), function at exception vector 32 too large)

.vector_33      0x9d005620        0x0
 *(.vector_33)
                0x00000001                ASSERT (((_vector_spacing == 0x0) || (SIZEOF (.vector_33) <= (_vector_spacing << 0x5))), function at exception vector 33 too large)

.vector_34      0x9d005640        0x0
 *(.vector_34)
                0x00000001                ASSERT (((_vector_spacing == 0x0) || (SIZEOF (.vector_34) <= (_vector_spacing << 0x5))), function at exception vector 34 too large)

.vector_35      0x9d005660        0x0
 *(.vector_35)
                0x00000001                ASSERT (((_vector_spacing == 0x0) || (SIZEOF (.vector_35) <= (_vector_spacing << 0x5))), function at exception vector 35 too large)

.vector_36      0x9d005680        0x0
 *(.vector_36)
                0x00000001                ASSERT (((_vector_spacing == 0x0) || (SIZEOF (.vector_36) <= (_vector_spacing << 0x5))), function at exception vector 36 too large)

.vector_37      0x9d0056a0        0x0
 *(.vector_37)
                0x00000001                ASSERT (((_vector_spacing == 0x0) || (SIZEOF (.vector_37) <= (_vector_spacing << 0x5))), function at exception vector 37 too large)

.vector_38      0x9d0056c0        0x0
 *(.vector_38)
                0x00000001                ASSERT (((_vector_spacing == 0x0) || (SIZEOF (.vector_38) <= (_vector_spacing << 0x5))), function at exception vector 38 too large)

.vector_39      0x9d0056e0        0x0
 *(.vector_39)
                0x00000001                ASSERT (((_vector_spacing == 0x0) || (SIZEOF (.vector_39) <= (_vector_spacing << 0x5))), function at exception vector 39 too large)

.vector_40      0x9d005700        0x0
 *(.vector_40)
                0x00000001                ASSERT (((_vector_spacing == 0x0) || (SIZEOF (.vector_40) <= (_vector_spacing << 0x5))), function at exception vector 40 too large)

.vector_41      0x9d005720        0x0
 *(.vector_41)
                0x00000001                ASSERT (((_vector_spacing == 0x0) || (SIZEOF (.vector_41) <= (_vector_spacing << 0x5))), function at exception vector 41 too large)

.vector_42      0x9d005740        0x0
 *(.vector_42)
                0x00000001                ASSERT (((_vector_spacing == 0x0) || (SIZEOF (.vector_42) <= (_vector_spacing << 0x5))), function at exception vector 42 too large)

.vector_43      0x9d005760        0x0
 *(.vector_43)
                0x00000001                ASSERT (((_vector_spacing == 0x0) || (SIZEOF (.vector_43) <= (_vector_spacing << 0x5))), function at exception vector 43 too large)

.vector_44      0x9d005780        0x0
 *(.vector_44)
                0x00000001                ASSERT (((_vector_spacing == 0x0) || (SIZEOF (.vector_44) <= (_vector_spacing << 0x5))), function at exception vector 44 too large)

.vector_45      0x9d0057a0        0x0
 *(.vector_45)
                0x00000001                ASSERT (((_vector_spacing == 0x0) || (SIZEOF (.vector_45) <= (_vector_spacing << 0x5))), function at exception vector 45 too large)

.vector_46      0x9d0057c0        0x0
 *(.vector_46)
                0x00000001                ASSERT (((_vector_spacing == 0x0) || (SIZEOF (.vector_46) <= (_vector_spacing << 0x5))), function at exception vector 46 too large)

.vector_47      0x9d0057e0        0x0
 *(.vector_47)
                0x00000001                ASSERT (((_vector_spacing == 0x0) || (SIZEOF (.vector_47) <= (_vector_spacing << 0x5))), function at exception vector 47 too large)

.vector_48      0x9d005800        0x0
 *(.vector_48)
                0x00000001                ASSERT (((_vector_spacing == 0x0) || (SIZEOF (.vector_48) <= (_vector_spacing << 0x5))), function at exception vector 48 too large)

.vector_49      0x9d005820        0x0
 *(.vector_49)
                0x00000001                ASSERT (((_vector_spacing == 0x0) || (SIZEOF (.vector_49) <= (_vector_spacing << 0x5))), function at exception vector 49 too large)

.vector_50      0x9d005840        0x0
 *(.vector_50)
                0x00000001                ASSERT (((_vector_spacing == 0x0) || (SIZEOF (.vector_50) <= (_vector_spacing << 0x5))), function at exception vector 50 too large)

.vector_51      0x9d005860        0x0
 *(.vector_51)
                0x00000001                ASSERT (((_vector_spacing == 0x0) || (SIZEOF (.vector_51) <= (_vector_spacing << 0x5))), function at exception vector 51 too large)

.vector_52      0x9d005880        0x0
 *(.vector_52)
                0x00000001                ASSERT (((_vector_spacing == 0x0) || (SIZEOF (.vector_52) <= (_vector_spacing << 0x5))), function at exception vector 52 too large)

.vector_53      0x9d0058a0        0x0
 *(.vector_53)
                0x00000001                ASSERT (((_vector_spacing == 0x0) || (SIZEOF (.vector_53) <= (_vector_spacing << 0x5))), function at exception vector 53 too large)

.vector_54      0x9d0058c0        0x0
 *(.vector_54)
                0x00000001                ASSERT (((_vector_spacing == 0x0) || (SIZEOF (.vector_54) <= (_vector_spacing << 0x5))), function at exception vector 54 too large)

.vector_55      0x9d0058e0        0x0
 *(.vector_55)
                0x00000001                ASSERT (((_vector_spacing == 0x0) || (SIZEOF (.vector_55) <= (_vector_spacing << 0x5))), function at exception vector 55 too large)

.vector_56      0x9d005900        0x0
 *(.vector_56)
                0x00000001                ASSERT (((_vector_spacing == 0x0) || (SIZEOF (.vector_56) <= (_vector_spacing << 0x5))), function at exception vector 56 too large)

.vector_57      0x9d005920        0x0
 *(.vector_57)
                0x00000001                ASSERT (((_vector_spacing == 0x0) || (SIZEOF (.vector_57) <= (_vector_spacing << 0x5))), function at exception vector 57 too large)

.vector_58      0x9d005940        0x0
 *(.vector_58)
                0x00000001                ASSERT (((_vector_spacing == 0x0) || (SIZEOF (.vector_58) <= (_vector_spacing << 0x5))), function at exception vector 58 too large)

.vector_59      0x9d005960        0x0
 *(.vector_59)
                0x00000001                ASSERT (((_vector_spacing == 0x0) || (SIZEOF (.vector_59) <= (_vector_spacing << 0x5))), function at exception vector 59 too large)

.vector_60      0x9d005980        0x0
 *(.vector_60)
                0x00000001                ASSERT (((_vector_spacing == 0x0) || (SIZEOF (.vector_60) <= (_vector_spacing << 0x5))), function at exception vector 60 too large)

.vector_61      0x9d0059a0        0x0
 *(.vector_61)
                0x00000001                ASSERT (((_vector_spacing == 0x0) || (SIZEOF (.vector_61) <= (_vector_spacing << 0x5))), function at exception vector 61 too large)

.vector_62      0x9d0059c0        0x0
 *(.vector_62)
                0x00000001                ASSERT (((_vector_spacing == 0x0) || (SIZEOF (.vector_62) <= (_vector_spacing << 0x5))), function at exception vector 62 too large)

.vector_63      0x9d0059e0        0x0
 *(.vector_63)
                0x00000001                ASSERT (((_vector_spacing == 0x0) || (SIZEOF (.vector_63) <= (_vector_spacing << 0x5))), function at exception vector 63 too large)

.startup
 *(.startup)

.text
 *(.stub .gnu.linkonce.t.*)
 *(.text.*personality*)
 *(.mips16.fn.*)
 *(.mips16.call.*)
 *(.gnu.warning)

.rodata         0x9d006a00        0x0
 *(.rodata.* .gnu.linkonce.r.*)
 *(.rodata1)
                0x9d006a00                . = ALIGN (0x4)

.sdata2         0x9d006490        0x0
 *(.sdata2 .sdata2.* .gnu.linkonce.s2.*)
                0x9d006490                . = ALIGN (0x4)

.sbss2          0x9d006490        0x0
 *(.sbss2 .sbss2.* .gnu.linkonce.sb2.*)
                0x9d006490                . = ALIGN (0x4)

.eh_frame_hdr
 *(.eh_frame_hdr)

.eh_frame
 *(.eh_frame)

.dbg_data       0xa0000004        0x0
                0xa0000004                . = (. + DEFINED (_DEBUGGER)?0x200:0x0)

.persist        0xa0000004        0x0
                0xa0000004                _persist_begin = .
 *(.persist .persist.*)
                0xa0000004                . = ALIGN (0x4)
                0xa0000004                _persist_end = .

.eh_frame       0xa0000004       0x3c
 *(.eh_frame)
 .eh_frame      0xa0000004       0x28 c:/program files (x86)/microchip/mplab c32 suite - 2.1/bin/../lib/gcc/pic32mx/4.5.1\libgcc.a(_udivdi3.o)
 .eh_frame      0xa000002c       0x14 c:/program files (x86)/microchip/mplab c32 suite - 2.1/bin/../lib/gcc/pic32mx/4.5.1\libgcc.a(_umoddi3.o)
                                 0x28 (size before relaxing)
                0xa0000040                . = .
                0xa0008030                _gp = (ALIGN (0x10) + 0x7ff0)

.got
 *(.got.plt)
 *(.got)

.sdata          0xa0000040        0x8
                0xa0000040                _sdata_begin = .
 *(.sdata .sdata.* .gnu.linkonce.s.*)
 .sdata         0xa0000040        0x4 build/default/production/DataCapture.o
                0xa0000040                oldVolts
 .sdata         0xa0000044        0x4 c:/program files (x86)/microchip/mplab c32 suite - 2.1/bin/../lib/gcc/pic32mx/4.5.1/../../../../pic32mx/lib\libc.a(_iob.o)
                0xa0000044                _Files
                0xa0000048                _sdata_end = .

.lit8
 *(.lit8)

.lit4
 *(.lit4)
                0xa0000048                . = ALIGN (0x4)
                0xa0000048                _data_end = .
                0xa0000048                _bss_begin = .

.sbss           0xa0000048       0xe9
                0xa0000048                _sbss_begin = .
 *(.dynsbss)
 *(.sbss .sbss.* .gnu.linkonce.sb.*)
 .sbss          0xa0000048       0x14 build/default/production/D32.o
                0xa000004c                g_echo_enable
 .sbss          0xa000005c        0x1 build/default/production/Camera.o
                0xa000005c                alwaysArmed
 .sbss          0xa000005d        0x1 c:/program files (x86)/microchip/mplab c32 suite - 2.1/bin/../lib/gcc/pic32mx/4.5.1/../../../../pic32mx/lib\libc.a(_iob.o)
                0xa000005d                _outdone
 *fill*         0xa000005e        0x2 00
 .sbss          0xa0000060        0x4 c:/program files (x86)/microchip/mplab c32 suite - 2.1/bin/../lib/gcc/pic32mx/4.5.1/../../../../pic32mx/lib\libc.a(errno.o)
                0xa0000060                errno
 *(.scommon)
 .scommon       0xa0000064       0x49 build/default/production/USB/usb_device.o
                0xa0000064                pDst
                0xa0000068                CtrlTrfData
                0xa0000070                USBDeviceState
                0xa0000074                controlTransferState
                0xa0000078                USBInMaxPacketSize
                0xa0000080                inPipes
                0xa0000088                BothEP0OutUOWNsSet
                0xa000008c                pBDTEntryEP0OutNext
                0xa0000090                SetupPkt
                0xa0000098                shortPacketStatus
                0xa000009c                pBDTEntryEP0OutCurrent
                0xa00000a0                USBActiveConfiguration
                0xa00000a4                RemoteWakeup
                0xa00000a8                USTATcopy
                0xa00000ac                USBAlternateInterface
 *fill*         0xa00000ad        0x3 00
 .scommon       0xa00000b0       0x40 build/default/production/USB/CDC Device Driver/usb_function_cdc.o
                0xa00000b0                control_signal_bitmap
                0xa00000b4                cdc_tx_len
                0xa00000b8                pCDCSrc
                0xa00000bc                CDCDataOutHandle
                0xa00000c0                cdc_rx_len
                0xa00000c4                line_coding
                0xa00000cc                BaudRateGen
                0xa00000d0                CDCDataInHandle
                0xa00000d4                cdc_notice
                0xa00000dc                cdc_trf_state
                0xa00000e0                pCDCDst
                0xa00000e4                cdc_mem_type
                0xa00000e8                dummy_encapsulated_cmd_response
 .scommon       0xa00000f0        0x4 build/default/production/main.o
                0xa00000f0                msTimer
 *fill*         0xa00000f4        0x4 00
 .scommon       0xa00000f8       0x34 build/default/production/D32.o
                0xa00000f8                g_TX_buf_in
                0xa00000f9                g_USART_RX_buf_in
                0xa00000fa                g_USART_RX_buf_out
                0xa00000fb                movieOn
                0xa00000fc                g_USART_TX_buf_out
                0xa0000100                camCountNum
                0xa0000104                camCount
                0xa0000108                errorFlag
                0xa0000110                g_ack_enable
                0xa0000114                movieStartNum
                0xa0000118                masterSlaveState
                0xa0000119                numBytes
                0xa000011a                userOutCond
                0xa000011b                g_USART_TX_buf_in
                0xa000011c                userInCond
                0xa000011d                g_RX_buf_out
                0xa000011e                g_TX_buf_length
                0xa000011f                glError
                0xa0000120                g_RX_buf_in
                0xa0000121                simplexDuplexState
                0xa0000122                g_TX_buf_out
                0xa0000123                digitalModeOn
                0xa0000124                dutPulseOn
                0xa0000128                userInEdge
 .scommon       0xa000012c        0x0 build/default/production/LCDlib.o
 .scommon       0xa000012c        0x5 build/default/production/DataCapture.o
                0xa000012c                voltScaling
                0xa0000130                deviceID
 .scommon       0xa0000131        0x0 build/default/production/ID.o
 .scommon       0xa0000131        0x0 build/default/production/Utilities.o
 .scommon       0xa0000131        0x0 build/default/production/Camera.o
 .scommon       0xa0000131        0x0 build/default/production/ExtIO.o
                0xa0000131                _sbss_end = .

.bss            0xa0000200      0x244
 *(.dynbss)
 *(COMMON)
 COMMON         0xa0000200       0xb7 build/default/production/USB/usb_device.o
                0xa0000200                BDT
                0xa0000280                pBDTEntryIn
                0xa0000290                pBDTEntryOut
                0xa00002a0                USBInData
                0xa00002ac                outPipes
 *fill*         0xa00002b7        0x1 00
 COMMON         0xa00002b8       0x80 build/default/production/USB/CDC Device Driver/usb_function_cdc.o
                0xa00002b8                cdc_data_tx
                0xa00002f8                cdc_data_rx
 COMMON         0xa0000338      0x100 build/default/production/D32.o
                0xa0000338                g_RX_buf
                0xa0000378                g_USART_RX_buf
                0xa00003b8                g_TX_buf
                0xa00003f8                g_USART_TX_buf
 COMMON         0xa0000438        0xa build/default/production/DataCapture.o
                0xa0000438                voltDisplay
                0xa0000444                . = ALIGN (0x4)
 *fill*         0xa0000442        0x2 00
                0xa0000444                . = ALIGN (0x4)
                0xa0000444                _end = .
                0xa0000444                _bss_end = .
                0x00007ffc                _bmxdudba_address = 0x7ffc
                0x00007ffc                _bmxdupba_address = 0x7ffc

/DISCARD/
 *(.pdr)
 *(.reginfo)
 *(.rel.dyn)
 *(.note.GNU-stack)
 *(.note.GNU-stack)
 *(.gnu_debuglink)
 *(.gnu.lto_*)
 *(.discard)

.stab
 *(.stab)

.stabstr
 *(.stabstr)

.stab.excl
 *(.stab.excl)

.stab.exclstr
 *(.stab.exclstr)

.stab.index
 *(.stab.index)

.stab.indexstr
 *(.stab.indexstr)

.comment        0x00000000      0x287
 *(.comment)
 .comment       0x00000000       0x51 build/default/production/USB/usb_device.o
                                 0x52 (size before relaxing)
 .comment       0x00000000       0x52 build/default/production/USB/CDC Device Driver/usb_function_cdc.o
 .comment       0x00000000       0x52 build/default/production/usb_descriptors.o
 .comment       0x00000000       0x52 build/default/production/main.o
 .comment       0x00000000       0x52 build/default/production/D32.o
 .comment       0x00000000       0x52 build/default/production/LCDlib.o
 .comment       0x00000000       0x52 build/default/production/DataCapture.o
 .comment       0x00000000       0x52 build/default/production/ID.o
 .comment       0x00000000       0x52 build/default/production/Utilities.o
 .comment       0x00000000       0x52 build/default/production/Camera.o
 .comment       0x00000000       0x52 build/default/production/ExtIO.o
 .comment       0x00000000       0x52 build/default/production/Ports.o
 .comment       0x00000000       0x52 c:/program files (x86)/microchip/mplab c32 suite - 2.1/bin/../lib/gcc/pic32mx/4.5.1\libgcc.a(floatunsisf.o)
 .comment       0x00000051       0x55 c:/program files (x86)/microchip/mplab c32 suite - 2.1/bin/../lib/gcc/pic32mx/4.5.1/../../../../pic32mx/lib\libc.a(memset.o)
                                 0x56 (size before relaxing)
 .comment       0x000000a6       0x55 c:/program files (x86)/microchip/mplab c32 suite - 2.1/bin/../lib/gcc/pic32mx/4.5.1/../../../../pic32mx/lib\libc.a(strcmp.o)
                                 0x56 (size before relaxing)
 .comment       0x00000000       0x52 c:/program files (x86)/microchip/mplab c32 suite - 2.1/bin/../lib/gcc/pic32mx/4.5.1/../../../../pic32mx/lib\libc.a(_iob.o)
 .comment       0x000000fb       0x4e c:/program files (x86)/microchip/mplab c32 suite - 2.1/bin/../lib/gcc/pic32mx/4.5.1/../../../../pic32mx/lib\libc.a(ctype.o)
                                 0xa0 (size before relaxing)
 .comment       0x00000149       0x4f c:/program files (x86)/microchip/mplab c32 suite - 2.1/bin/../lib/gcc/pic32mx/4.5.1/../../../../pic32mx/lib\libc.a(ctypef.o)
                                 0xa1 (size before relaxing)
 .comment       0x00000000       0x52 c:/program files (x86)/microchip/mplab c32 suite - 2.1/bin/../lib/gcc/pic32mx/4.5.1/../../../../pic32mx/lib\libc.a(puts.o)
 .comment       0x00000000       0x52 c:/program files (x86)/microchip/mplab c32 suite - 2.1/bin/../lib/gcc/pic32mx/4.5.1/../../../../pic32mx/lib\libc.a(strchr.o)
 .comment       0x00000000       0x52 c:/program files (x86)/microchip/mplab c32 suite - 2.1/bin/../lib/gcc/pic32mx/4.5.1/../../../../pic32mx/lib\libc.a(strtol.o)
 .comment       0x00000000       0x52 c:/program files (x86)/microchip/mplab c32 suite - 2.1/bin/../lib/gcc/pic32mx/4.5.1/../../../../pic32mx/lib\libc.a(printf_s.eo)
 .comment       0x00000000       0x52 c:/program files (x86)/microchip/mplab c32 suite - 2.1/bin/../lib/gcc/pic32mx/4.5.1/../../../../pic32mx/lib\libc.a(sprintf.o)
 .comment       0x00000000       0x52 c:/program files (x86)/microchip/mplab c32 suite - 2.1/bin/../lib/gcc/pic32mx/4.5.1/../../../../pic32mx/lib\libc.a(default-general-exception-handler.o)
 .comment       0x00000000       0x52 c:/program files (x86)/microchip/mplab c32 suite - 2.1/bin/../lib/gcc/pic32mx/4.5.1/../../../../pic32mx/lib\libc.a(default-bootstrap-exception-handler.o)
 .comment       0x00000000       0x52 c:/program files (x86)/microchip/mplab c32 suite - 2.1/bin/../lib/gcc/pic32mx/4.5.1/../../../../pic32mx/lib\libc.a(default-on-reset.o)
 .comment       0x00000000       0x52 c:/program files (x86)/microchip/mplab c32 suite - 2.1/bin/../lib/gcc/pic32mx/4.5.1/../../../../pic32mx/lib\libc.a(default-on-bootstrap.o)
 .comment       0x00000000       0x52 c:/program files (x86)/microchip/mplab c32 suite - 2.1/bin/../lib/gcc/pic32mx/4.5.1/../../../../pic32mx/lib\libc.a(_fputc_simple.o)
 .comment       0x00000000       0x52 c:/program files (x86)/microchip/mplab c32 suite - 2.1/bin/../lib/gcc/pic32mx/4.5.1/../../../../pic32mx/lib\libc.a(errno.o)
 .comment       0x00000000       0x52 c:/program files (x86)/microchip/mplab c32 suite - 2.1/bin/../lib/gcc/pic32mx/4.5.1/../../../../pic32mx/lib\libc.a(doprnt_s.eo)
 .comment       0x00000000       0x52 c:/program files (x86)/microchip/mplab c32 suite - 2.1/bin/../lib/gcc/pic32mx/4.5.1/../../../../pic32mx/lib\libc.a(doprnt.o)
 .comment       0x00000000       0x52 c:/program files (x86)/microchip/mplab c32 suite - 2.1/bin/../lib/gcc/pic32mx/4.5.1/../../../../pic32mx/lib\libc.a(write.o)
 .comment       0x00000000       0x52 c:/program files (x86)/microchip/mplab c32 suite - 2.1/bin/../lib/gcc/pic32mx/4.5.1/../../../../pic32mx/lib\libc.a(_flsbuf_simple.o)
 .comment       0x00000000       0x52 c:/program files (x86)/microchip/mplab c32 suite - 2.1/bin/../lib/gcc/pic32mx/4.5.1/../../../../pic32mx/lib\libc.a(powers.o)
 .comment       0x00000198       0x9e c:/program files (x86)/microchip/mplab c32 suite - 2.1/bin/../lib/gcc/pic32mx/4.5.1/../../../../pic32mx/lib\libe.a(_floatdisf.o)
                                 0xf0 (size before relaxing)
 .comment       0x00000236       0x51 c:/program files (x86)/microchip/mplab c32 suite - 2.1/bin/../lib/gcc/pic32mx/4.5.1/../../../../pic32mx/lib\libmchp_peripheral_32MX460F512L.a(pcache.o)
                                 0x52 (size before relaxing)
 .comment       0x00000000       0x52 c:/program files (x86)/microchip/mplab c32 suite - 2.1/bin/../lib/gcc/pic32mx/4.5.1/../../../../pic32mx/lib\libmchp_peripheral_32MX460F512L.a(int_disable_interrupts_lib.o)
 .comment       0x00000000       0x52 c:/program files (x86)/microchip/mplab c32 suite - 2.1/bin/../lib/gcc/pic32mx/4.5.1/../../../../pic32mx/lib\libmchp_peripheral_32MX460F512L.a(int_restore_interrupts_lib.o)
 .comment       0x00000000       0x52 c:/program files (x86)/microchip/mplab c32 suite - 2.1/bin/../lib/gcc/pic32mx/4.5.1/../../../../pic32mx/lib\libmchp_peripheral_32MX460F512L.a(int_enable_mv_int_lib.o)
 .comment       0x00000000       0x52 c:/program files (x86)/microchip/mplab c32 suite - 2.1/bin/../lib/gcc/pic32mx/4.5.1/../../../../pic32mx/lib\libmchp_peripheral_32MX460F512L.a(int_tbl_lib.o)
 .comment       0x00000000       0x52 c:/program files (x86)/microchip/mplab c32 suite - 2.1/bin/../lib/gcc/pic32mx/4.5.1/../../../../pic32mx/lib\libmchp_peripheral_32MX460F512L.a(port_set_pins_digital_in_lib.o)
 .comment       0x00000000       0x52 c:/program files (x86)/microchip/mplab c32 suite - 2.1/bin/../lib/gcc/pic32mx/4.5.1/../../../../pic32mx/lib\libmchp_peripheral_32MX460F512L.a(port_set_pins_digital_out_lib.o)
 .comment       0x00000000       0x52 c:/program files (x86)/microchip/mplab c32 suite - 2.1/bin/../lib/gcc/pic32mx/4.5.1/../../../../pic32mx/lib\libmchp_peripheral_32MX460F512L.a(port_read_bits_lib.o)
 .comment       0x00000000       0x52 c:/program files (x86)/microchip/mplab c32 suite - 2.1/bin/../lib/gcc/pic32mx/4.5.1/../../../../pic32mx/lib\libmchp_peripheral_32MX460F512L.a(port_clear_bits_lib.o)
 .comment       0x00000000       0x52 c:/program files (x86)/microchip/mplab c32 suite - 2.1/bin/../lib/gcc/pic32mx/4.5.1/../../../../pic32mx/lib\libmchp_peripheral_32MX460F512L.a(port_set_bits_lib.o)
 .comment       0x00000000       0x52 c:/program files (x86)/microchip/mplab c32 suite - 2.1/bin/../lib/gcc/pic32mx/4.5.1/../../../../pic32mx/lib\libmchp_peripheral_32MX460F512L.a(port_toggle_bits_lib.o)
 .comment       0x00000000       0x52 c:/program files (x86)/microchip/mplab c32 suite - 2.1/bin/../lib/gcc/pic32mx/4.5.1/../../../../pic32mx/lib\libmchp_peripheral_32MX460F512L.a(_ports_tbl_libp.o)
 .comment       0x00000000       0x52 c:/program files (x86)/microchip/mplab c32 suite - 2.1/bin/../lib/gcc/pic32mx/4.5.1/../../../../pic32mx/lib\libmchp_peripheral_32MX460F512L.a(int_enable_interrupts_lib.o)
 .comment       0x00000000       0x52 c:/program files (x86)/microchip/mplab c32 suite - 2.1/bin/../lib/gcc/pic32mx/4.5.1\libgcc.a(_floatundisf.o)
 .comment       0x00000000       0x52 c:/program files (x86)/microchip/mplab c32 suite - 2.1/bin/../lib/gcc/pic32mx/4.5.1\libgcc.a(_udivdi3.o)
 .comment       0x00000000       0x52 c:/program files (x86)/microchip/mplab c32 suite - 2.1/bin/../lib/gcc/pic32mx/4.5.1\libgcc.a(_umoddi3.o)

.debug
 *(.debug)

.line
 *(.line)

.debug_srcinfo
 *(.debug_srcinfo)

.debug_sfnames
 *(.debug_sfnames)

.debug_aranges  0x00000000      0x648
 *(.debug_aranges)
 .debug_aranges
                0x00000000       0x20 build/default/production/USB/usb_device.o
 .debug_aranges
                0x00000020       0x20 build/default/production/USB/CDC Device Driver/usb_function_cdc.o
 .debug_aranges
                0x00000040       0x20 build/default/production/main.o
 .debug_aranges
                0x00000060       0x20 build/default/production/D32.o
 .debug_aranges
                0x00000080       0x20 build/default/production/LCDlib.o
 .debug_aranges
                0x000000a0       0x20 build/default/production/DataCapture.o
 .debug_aranges
                0x000000c0       0x20 build/default/production/ID.o
 .debug_aranges
                0x000000e0       0x20 build/default/production/Utilities.o
 .debug_aranges
                0x00000100       0x20 build/default/production/Camera.o
 .debug_aranges
                0x00000120       0x20 build/default/production/ExtIO.o
 .debug_aranges
                0x00000140       0x20 build/default/production/Ports.o
 .debug_aranges
                0x00000160       0x20 c:/program files (x86)/microchip/mplab c32 suite - 2.1/bin/../lib/gcc/pic32mx/4.5.1\libgcc.a(floatunsisf.o)
 .debug_aranges
                0x00000180       0xa0 c:/program files (x86)/microchip/mplab c32 suite - 2.1/bin/../lib/gcc/pic32mx/4.5.1/../../../../pic32mx/lib\libc.a(ctypef.o)
 .debug_aranges
                0x00000220       0x28 c:/program files (x86)/microchip/mplab c32 suite - 2.1/bin/../lib/gcc/pic32mx/4.5.1/../../../../pic32mx/lib\libc.a(puts.o)
 .debug_aranges
                0x00000248       0x20 c:/program files (x86)/microchip/mplab c32 suite - 2.1/bin/../lib/gcc/pic32mx/4.5.1/../../../../pic32mx/lib\libc.a(strchr.o)
 .debug_aranges
                0x00000268       0x28 c:/program files (x86)/microchip/mplab c32 suite - 2.1/bin/../lib/gcc/pic32mx/4.5.1/../../../../pic32mx/lib\libc.a(strtol.o)
 .debug_aranges
                0x00000290       0x20 c:/program files (x86)/microchip/mplab c32 suite - 2.1/bin/../lib/gcc/pic32mx/4.5.1/../../../../pic32mx/lib\libc.a(printf_s.eo)
 .debug_aranges
                0x000002b0       0x20 c:/program files (x86)/microchip/mplab c32 suite - 2.1/bin/../lib/gcc/pic32mx/4.5.1/../../../../pic32mx/lib\libc.a(sprintf.o)
 .debug_aranges
                0x000002d0       0x20 c:/program files (x86)/microchip/mplab c32 suite - 2.1/bin/../lib/gcc/pic32mx/4.5.1/../../../../pic32mx/lib\libc.a(default-general-exception-handler.o)
 .debug_aranges
                0x000002f0       0x20 c:/program files (x86)/microchip/mplab c32 suite - 2.1/bin/../lib/gcc/pic32mx/4.5.1/../../../../pic32mx/lib\libc.a(default-bootstrap-exception-handler.o)
 .debug_aranges
                0x00000310       0x20 c:/program files (x86)/microchip/mplab c32 suite - 2.1/bin/../lib/gcc/pic32mx/4.5.1/../../../../pic32mx/lib\libc.a(default-on-reset.o)
 .debug_aranges
                0x00000330       0x20 c:/program files (x86)/microchip/mplab c32 suite - 2.1/bin/../lib/gcc/pic32mx/4.5.1/../../../../pic32mx/lib\libc.a(default-on-bootstrap.o)
 .debug_aranges
                0x00000350       0x20 c:/program files (x86)/microchip/mplab c32 suite - 2.1/bin/../lib/gcc/pic32mx/4.5.1/../../../../pic32mx/lib\libc.a(_fputc_simple.o)
 .debug_aranges
                0x00000370       0x20 c:/program files (x86)/microchip/mplab c32 suite - 2.1/bin/../lib/gcc/pic32mx/4.5.1/../../../../pic32mx/lib\libc.a(doprnt_s.eo)
 .debug_aranges
                0x00000390       0x30 c:/program files (x86)/microchip/mplab c32 suite - 2.1/bin/../lib/gcc/pic32mx/4.5.1/../../../../pic32mx/lib\libc.a(doprnt.o)
 .debug_aranges
                0x000003c0       0x20 c:/program files (x86)/microchip/mplab c32 suite - 2.1/bin/../lib/gcc/pic32mx/4.5.1/../../../../pic32mx/lib\libc.a(write.o)
 .debug_aranges
                0x000003e0       0x20 c:/program files (x86)/microchip/mplab c32 suite - 2.1/bin/../lib/gcc/pic32mx/4.5.1/../../../../pic32mx/lib\libc.a(_flsbuf_simple.o)
 .debug_aranges
                0x00000400       0x20 c:/program files (x86)/microchip/mplab c32 suite - 2.1/bin/../lib/gcc/pic32mx/4.5.1/../../../../pic32mx/lib\libe.a(_floatdisf.o)
 .debug_aranges
                0x00000420       0x28 c:/program files (x86)/microchip/mplab c32 suite - 2.1/bin/../lib/gcc/pic32mx/4.5.1/../../../../pic32mx/lib\libmchp_peripheral_32MX460F512L.a(pcache.o)
 .debug_aranges
                0x00000448       0x20 c:/program files (x86)/microchip/mplab c32 suite - 2.1/bin/../lib/gcc/pic32mx/4.5.1/../../../../pic32mx/lib\libmchp_peripheral_32MX460F512L.a(int_disable_interrupts_lib.o)
 .debug_aranges
                0x00000468       0x20 c:/program files (x86)/microchip/mplab c32 suite - 2.1/bin/../lib/gcc/pic32mx/4.5.1/../../../../pic32mx/lib\libmchp_peripheral_32MX460F512L.a(int_restore_interrupts_lib.o)
 .debug_aranges
                0x00000488       0x20 c:/program files (x86)/microchip/mplab c32 suite - 2.1/bin/../lib/gcc/pic32mx/4.5.1/../../../../pic32mx/lib\libmchp_peripheral_32MX460F512L.a(int_enable_mv_int_lib.o)
 .debug_aranges
                0x000004a8       0x60 c:/program files (x86)/microchip/mplab c32 suite - 2.1/bin/../lib/gcc/pic32mx/4.5.1/../../../../pic32mx/lib\libmchp_peripheral_32MX460F512L.a(int_tbl_lib.o)
 .debug_aranges
                0x00000508       0x20 c:/program files (x86)/microchip/mplab c32 suite - 2.1/bin/../lib/gcc/pic32mx/4.5.1/../../../../pic32mx/lib\libmchp_peripheral_32MX460F512L.a(port_set_pins_digital_in_lib.o)
 .debug_aranges
                0x00000528       0x20 c:/program files (x86)/microchip/mplab c32 suite - 2.1/bin/../lib/gcc/pic32mx/4.5.1/../../../../pic32mx/lib\libmchp_peripheral_32MX460F512L.a(port_set_pins_digital_out_lib.o)
 .debug_aranges
                0x00000548       0x20 c:/program files (x86)/microchip/mplab c32 suite - 2.1/bin/../lib/gcc/pic32mx/4.5.1/../../../../pic32mx/lib\libmchp_peripheral_32MX460F512L.a(port_read_bits_lib.o)
 .debug_aranges
                0x00000568       0x20 c:/program files (x86)/microchip/mplab c32 suite - 2.1/bin/../lib/gcc/pic32mx/4.5.1/../../../../pic32mx/lib\libmchp_peripheral_32MX460F512L.a(port_clear_bits_lib.o)
 .debug_aranges
                0x00000588       0x20 c:/program files (x86)/microchip/mplab c32 suite - 2.1/bin/../lib/gcc/pic32mx/4.5.1/../../../../pic32mx/lib\libmchp_peripheral_32MX460F512L.a(port_set_bits_lib.o)
 .debug_aranges
                0x000005a8       0x20 c:/program files (x86)/microchip/mplab c32 suite - 2.1/bin/../lib/gcc/pic32mx/4.5.1/../../../../pic32mx/lib\libmchp_peripheral_32MX460F512L.a(port_toggle_bits_lib.o)
 .debug_aranges
                0x000005c8       0x20 c:/program files (x86)/microchip/mplab c32 suite - 2.1/bin/../lib/gcc/pic32mx/4.5.1/../../../../pic32mx/lib\libmchp_peripheral_32MX460F512L.a(int_enable_interrupts_lib.o)
 .debug_aranges
                0x000005e8       0x20 c:/program files (x86)/microchip/mplab c32 suite - 2.1/bin/../lib/gcc/pic32mx/4.5.1\libgcc.a(_floatundisf.o)
 .debug_aranges
                0x00000608       0x20 c:/program files (x86)/microchip/mplab c32 suite - 2.1/bin/../lib/gcc/pic32mx/4.5.1\libgcc.a(_udivdi3.o)
 .debug_aranges
                0x00000628       0x20 c:/program files (x86)/microchip/mplab c32 suite - 2.1/bin/../lib/gcc/pic32mx/4.5.1\libgcc.a(_umoddi3.o)

.debug_pubnames
                0x00000000     0x1254
 *(.debug_pubnames)
 .debug_pubnames
                0x00000000      0x395 build/default/production/USB/usb_device.o
 .debug_pubnames
                0x00000395      0x19b build/default/production/USB/CDC Device Driver/usb_function_cdc.o
 .debug_pubnames
                0x00000530       0x73 build/default/production/usb_descriptors.o
 .debug_pubnames
                0x000005a3       0x27 build/default/production/main.o
 .debug_pubnames
                0x000005ca      0x34f build/default/production/D32.o
 .debug_pubnames
                0x00000919       0x5f build/default/production/LCDlib.o
 .debug_pubnames
                0x00000978       0xb7 build/default/production/DataCapture.o
 .debug_pubnames
                0x00000a2f       0x4a build/default/production/ID.o
 .debug_pubnames
                0x00000a79       0x27 build/default/production/Utilities.o
 .debug_pubnames
                0x00000aa0       0xb9 build/default/production/Camera.o
 .debug_pubnames
                0x00000b59       0xa6 build/default/production/ExtIO.o
 .debug_pubnames
                0x00000bff       0x42 build/default/production/Ports.o
 .debug_pubnames
                0x00000c41       0x24 c:/program files (x86)/microchip/mplab c32 suite - 2.1/bin/../lib/gcc/pic32mx/4.5.1\libgcc.a(floatunsisf.o)
 .debug_pubnames
                0x00000c65       0xe1 c:/program files (x86)/microchip/mplab c32 suite - 2.1/bin/../lib/gcc/pic32mx/4.5.1/../../../../pic32mx/lib\libc.a(ctypef.o)
 .debug_pubnames
                0x00000d46       0x25 c:/program files (x86)/microchip/mplab c32 suite - 2.1/bin/../lib/gcc/pic32mx/4.5.1/../../../../pic32mx/lib\libc.a(puts.o)
 .debug_pubnames
                0x00000d6b       0x1d c:/program files (x86)/microchip/mplab c32 suite - 2.1/bin/../lib/gcc/pic32mx/4.5.1/../../../../pic32mx/lib\libc.a(strchr.o)
 .debug_pubnames
                0x00000d88       0x29 c:/program files (x86)/microchip/mplab c32 suite - 2.1/bin/../lib/gcc/pic32mx/4.5.1/../../../../pic32mx/lib\libc.a(strtol.o)
 .debug_pubnames
                0x00000db1       0x20 c:/program files (x86)/microchip/mplab c32 suite - 2.1/bin/../lib/gcc/pic32mx/4.5.1/../../../../pic32mx/lib\libc.a(printf_s.eo)
 .debug_pubnames
                0x00000dd1       0x1e c:/program files (x86)/microchip/mplab c32 suite - 2.1/bin/../lib/gcc/pic32mx/4.5.1/../../../../pic32mx/lib\libc.a(sprintf.o)
 .debug_pubnames
                0x00000def       0x31 c:/program files (x86)/microchip/mplab c32 suite - 2.1/bin/../lib/gcc/pic32mx/4.5.1/../../../../pic32mx/lib\libc.a(default-general-exception-handler.o)
 .debug_pubnames
                0x00000e20       0x33 c:/program files (x86)/microchip/mplab c32 suite - 2.1/bin/../lib/gcc/pic32mx/4.5.1/../../../../pic32mx/lib\libc.a(default-bootstrap-exception-handler.o)
 .debug_pubnames
                0x00000e53       0x20 c:/program files (x86)/microchip/mplab c32 suite - 2.1/bin/../lib/gcc/pic32mx/4.5.1/../../../../pic32mx/lib\libc.a(default-on-reset.o)
 .debug_pubnames
                0x00000e73       0x24 c:/program files (x86)/microchip/mplab c32 suite - 2.1/bin/../lib/gcc/pic32mx/4.5.1/../../../../pic32mx/lib\libc.a(default-on-bootstrap.o)
 .debug_pubnames
                0x00000e97       0x1c c:/program files (x86)/microchip/mplab c32 suite - 2.1/bin/../lib/gcc/pic32mx/4.5.1/../../../../pic32mx/lib\libc.a(_fputc_simple.o)
 .debug_pubnames
                0x00000eb3       0x22 c:/program files (x86)/microchip/mplab c32 suite - 2.1/bin/../lib/gcc/pic32mx/4.5.1/../../../../pic32mx/lib\libc.a(doprnt_s.eo)
 .debug_pubnames
                0x00000ed5       0x1f c:/program files (x86)/microchip/mplab c32 suite - 2.1/bin/../lib/gcc/pic32mx/4.5.1/../../../../pic32mx/lib\libc.a(doprnt.o)
 .debug_pubnames
                0x00000ef4       0x1c c:/program files (x86)/microchip/mplab c32 suite - 2.1/bin/../lib/gcc/pic32mx/4.5.1/../../../../pic32mx/lib\libc.a(write.o)
 .debug_pubnames
                0x00000f10       0x1e c:/program files (x86)/microchip/mplab c32 suite - 2.1/bin/../lib/gcc/pic32mx/4.5.1/../../../../pic32mx/lib\libc.a(_flsbuf_simple.o)
 .debug_pubnames
                0x00000f2e       0x22 c:/program files (x86)/microchip/mplab c32 suite - 2.1/bin/../lib/gcc/pic32mx/4.5.1/../../../../pic32mx/lib\libe.a(_floatdisf.o)
 .debug_pubnames
                0x00000f50       0x3b c:/program files (x86)/microchip/mplab c32 suite - 2.1/bin/../lib/gcc/pic32mx/4.5.1/../../../../pic32mx/lib\libmchp_peripheral_32MX460F512L.a(pcache.o)
 .debug_pubnames
                0x00000f8b       0x2b c:/program files (x86)/microchip/mplab c32 suite - 2.1/bin/../lib/gcc/pic32mx/4.5.1/../../../../pic32mx/lib\libmchp_peripheral_32MX460F512L.a(int_disable_interrupts_lib.o)
 .debug_pubnames
                0x00000fb6       0x2b c:/program files (x86)/microchip/mplab c32 suite - 2.1/bin/../lib/gcc/pic32mx/4.5.1/../../../../pic32mx/lib\libmchp_peripheral_32MX460F512L.a(int_restore_interrupts_lib.o)
 .debug_pubnames
                0x00000fe1       0x36 c:/program files (x86)/microchip/mplab c32 suite - 2.1/bin/../lib/gcc/pic32mx/4.5.1/../../../../pic32mx/lib\libmchp_peripheral_32MX460F512L.a(int_enable_mv_int_lib.o)
 .debug_pubnames
                0x00001017       0xca c:/program files (x86)/microchip/mplab c32 suite - 2.1/bin/../lib/gcc/pic32mx/4.5.1/../../../../pic32mx/lib\libmchp_peripheral_32MX460F512L.a(int_tbl_lib.o)
 .debug_pubnames
                0x000010e1       0x2b c:/program files (x86)/microchip/mplab c32 suite - 2.1/bin/../lib/gcc/pic32mx/4.5.1/../../../../pic32mx/lib\libmchp_peripheral_32MX460F512L.a(port_set_pins_digital_in_lib.o)
 .debug_pubnames
                0x0000110c       0x2c c:/program files (x86)/microchip/mplab c32 suite - 2.1/bin/../lib/gcc/pic32mx/4.5.1/../../../../pic32mx/lib\libmchp_peripheral_32MX460F512L.a(port_set_pins_digital_out_lib.o)
 .debug_pubnames
                0x00001138       0x23 c:/program files (x86)/microchip/mplab c32 suite - 2.1/bin/../lib/gcc/pic32mx/4.5.1/../../../../pic32mx/lib\libmchp_peripheral_32MX460F512L.a(port_read_bits_lib.o)
 .debug_pubnames
                0x0000115b       0x24 c:/program files (x86)/microchip/mplab c32 suite - 2.1/bin/../lib/gcc/pic32mx/4.5.1/../../../../pic32mx/lib\libmchp_peripheral_32MX460F512L.a(port_clear_bits_lib.o)
 .debug_pubnames
                0x0000117f       0x22 c:/program files (x86)/microchip/mplab c32 suite - 2.1/bin/../lib/gcc/pic32mx/4.5.1/../../../../pic32mx/lib\libmchp_peripheral_32MX460F512L.a(port_set_bits_lib.o)
 .debug_pubnames
                0x000011a1       0x25 c:/program files (x86)/microchip/mplab c32 suite - 2.1/bin/../lib/gcc/pic32mx/4.5.1/../../../../pic32mx/lib\libmchp_peripheral_32MX460F512L.a(port_toggle_bits_lib.o)
 .debug_pubnames
                0x000011c6       0x2a c:/program files (x86)/microchip/mplab c32 suite - 2.1/bin/../lib/gcc/pic32mx/4.5.1/../../../../pic32mx/lib\libmchp_peripheral_32MX460F512L.a(int_enable_interrupts_lib.o)
 .debug_pubnames
                0x000011f0       0x24 c:/program files (x86)/microchip/mplab c32 suite - 2.1/bin/../lib/gcc/pic32mx/4.5.1\libgcc.a(_floatundisf.o)
 .debug_pubnames
                0x00001214       0x20 c:/program files (x86)/microchip/mplab c32 suite - 2.1/bin/../lib/gcc/pic32mx/4.5.1\libgcc.a(_udivdi3.o)
 .debug_pubnames
                0x00001234       0x20 c:/program files (x86)/microchip/mplab c32 suite - 2.1/bin/../lib/gcc/pic32mx/4.5.1\libgcc.a(_umoddi3.o)

.debug_info     0x00000000    0x16f24
 *(.debug_info .gnu.linkonce.wi.*)
 .debug_info    0x00000000     0x3554 build/default/production/USB/usb_device.o
 .debug_info    0x00003554     0x260b build/default/production/USB/CDC Device Driver/usb_function_cdc.o
 .debug_info    0x00005b5f     0x158b build/default/production/usb_descriptors.o
 .debug_info    0x000070ea     0x1764 build/default/production/main.o
 .debug_info    0x0000884e     0x2735 build/default/production/D32.o
 .debug_info    0x0000af83     0x12e1 build/default/production/LCDlib.o
 .debug_info    0x0000c264     0x17c4 build/default/production/DataCapture.o
 .debug_info    0x0000da28     0x104d build/default/production/ID.o
 .debug_info    0x0000ea75      0xfbb build/default/production/Utilities.o
 .debug_info    0x0000fa30     0x1a4e build/default/production/Camera.o
 .debug_info    0x0001147e     0x1a71 build/default/production/ExtIO.o
 .debug_info    0x00012eef     0x12b2 build/default/production/Ports.o
 .debug_info    0x000141a1      0x188 c:/program files (x86)/microchip/mplab c32 suite - 2.1/bin/../lib/gcc/pic32mx/4.5.1\libgcc.a(floatunsisf.o)
 .debug_info    0x00014329        0x0 c:/program files (x86)/microchip/mplab c32 suite - 2.1/bin/../lib/gcc/pic32mx/4.5.1/../../../../pic32mx/lib\libc.a(_iob.o)
 .debug_info    0x00014329        0x0 c:/program files (x86)/microchip/mplab c32 suite - 2.1/bin/../lib/gcc/pic32mx/4.5.1/../../../../pic32mx/lib\libc.a(ctype.o)
 .debug_info    0x00014329      0x235 c:/program files (x86)/microchip/mplab c32 suite - 2.1/bin/../lib/gcc/pic32mx/4.5.1/../../../../pic32mx/lib\libc.a(ctypef.o)
 .debug_info    0x0001455e       0xe1 c:/program files (x86)/microchip/mplab c32 suite - 2.1/bin/../lib/gcc/pic32mx/4.5.1/../../../../pic32mx/lib\libc.a(puts.o)
 .debug_info    0x0001463f       0xd1 c:/program files (x86)/microchip/mplab c32 suite - 2.1/bin/../lib/gcc/pic32mx/4.5.1/../../../../pic32mx/lib\libc.a(strchr.o)
 .debug_info    0x00014710       0xe7 c:/program files (x86)/microchip/mplab c32 suite - 2.1/bin/../lib/gcc/pic32mx/4.5.1/../../../../pic32mx/lib\libc.a(strtol.o)
 .debug_info    0x000147f7       0xdb c:/program files (x86)/microchip/mplab c32 suite - 2.1/bin/../lib/gcc/pic32mx/4.5.1/../../../../pic32mx/lib\libc.a(printf_s.eo)
 .debug_info    0x000148d2       0xd3 c:/program files (x86)/microchip/mplab c32 suite - 2.1/bin/../lib/gcc/pic32mx/4.5.1/../../../../pic32mx/lib\libc.a(sprintf.o)
 .debug_info    0x000149a5      0x102 c:/program files (x86)/microchip/mplab c32 suite - 2.1/bin/../lib/gcc/pic32mx/4.5.1/../../../../pic32mx/lib\libc.a(default-general-exception-handler.o)
 .debug_info    0x00014aa7      0x106 c:/program files (x86)/microchip/mplab c32 suite - 2.1/bin/../lib/gcc/pic32mx/4.5.1/../../../../pic32mx/lib\libc.a(default-bootstrap-exception-handler.o)
 .debug_info    0x00014bad       0xe0 c:/program files (x86)/microchip/mplab c32 suite - 2.1/bin/../lib/gcc/pic32mx/4.5.1/../../../../pic32mx/lib\libc.a(default-on-reset.o)
 .debug_info    0x00014c8d       0xe8 c:/program files (x86)/microchip/mplab c32 suite - 2.1/bin/../lib/gcc/pic32mx/4.5.1/../../../../pic32mx/lib\libc.a(default-on-bootstrap.o)
 .debug_info    0x00014d75       0xd6 c:/program files (x86)/microchip/mplab c32 suite - 2.1/bin/../lib/gcc/pic32mx/4.5.1/../../../../pic32mx/lib\libc.a(_fputc_simple.o)
 .debug_info    0x00014e4b        0x0 c:/program files (x86)/microchip/mplab c32 suite - 2.1/bin/../lib/gcc/pic32mx/4.5.1/../../../../pic32mx/lib\libc.a(errno.o)
 .debug_info    0x00014e4b       0xde c:/program files (x86)/microchip/mplab c32 suite - 2.1/bin/../lib/gcc/pic32mx/4.5.1/../../../../pic32mx/lib\libc.a(doprnt_s.eo)
 .debug_info    0x00014f29      0x104 c:/program files (x86)/microchip/mplab c32 suite - 2.1/bin/../lib/gcc/pic32mx/4.5.1/../../../../pic32mx/lib\libc.a(doprnt.o)
 .debug_info    0x0001502d       0xd1 c:/program files (x86)/microchip/mplab c32 suite - 2.1/bin/../lib/gcc/pic32mx/4.5.1/../../../../pic32mx/lib\libc.a(write.o)
 .debug_info    0x000150fe       0xd9 c:/program files (x86)/microchip/mplab c32 suite - 2.1/bin/../lib/gcc/pic32mx/4.5.1/../../../../pic32mx/lib\libc.a(_flsbuf_simple.o)
 .debug_info    0x000151d7        0x0 c:/program files (x86)/microchip/mplab c32 suite - 2.1/bin/../lib/gcc/pic32mx/4.5.1/../../../../pic32mx/lib\libc.a(powers.o)
 .debug_info    0x000151d7       0xf3 c:/program files (x86)/microchip/mplab c32 suite - 2.1/bin/../lib/gcc/pic32mx/4.5.1/../../../../pic32mx/lib\libe.a(_floatdisf.o)
 .debug_info    0x000152ca       0xd4 c:/program files (x86)/microchip/mplab c32 suite - 2.1/bin/../lib/gcc/pic32mx/4.5.1/../../../../pic32mx/lib\libmchp_peripheral_32MX460F512L.a(pcache.o)
 .debug_info    0x0001539e       0xcb c:/program files (x86)/microchip/mplab c32 suite - 2.1/bin/../lib/gcc/pic32mx/4.5.1/../../../../pic32mx/lib\libmchp_peripheral_32MX460F512L.a(int_disable_interrupts_lib.o)
 .debug_info    0x00015469       0xcb c:/program files (x86)/microchip/mplab c32 suite - 2.1/bin/../lib/gcc/pic32mx/4.5.1/../../../../pic32mx/lib\libmchp_peripheral_32MX460F512L.a(int_restore_interrupts_lib.o)
 .debug_info    0x00015534       0xd1 c:/program files (x86)/microchip/mplab c32 suite - 2.1/bin/../lib/gcc/pic32mx/4.5.1/../../../../pic32mx/lib\libmchp_peripheral_32MX460F512L.a(int_enable_mv_int_lib.o)
 .debug_info    0x00015605      0x1ab c:/program files (x86)/microchip/mplab c32 suite - 2.1/bin/../lib/gcc/pic32mx/4.5.1/../../../../pic32mx/lib\libmchp_peripheral_32MX460F512L.a(int_tbl_lib.o)
 .debug_info    0x000157b0       0xcf c:/program files (x86)/microchip/mplab c32 suite - 2.1/bin/../lib/gcc/pic32mx/4.5.1/../../../../pic32mx/lib\libmchp_peripheral_32MX460F512L.a(port_set_pins_digital_in_lib.o)
 .debug_info    0x0001587f       0xd1 c:/program files (x86)/microchip/mplab c32 suite - 2.1/bin/../lib/gcc/pic32mx/4.5.1/../../../../pic32mx/lib\libmchp_peripheral_32MX460F512L.a(port_set_pins_digital_out_lib.o)
 .debug_info    0x00015950       0xbd c:/program files (x86)/microchip/mplab c32 suite - 2.1/bin/../lib/gcc/pic32mx/4.5.1/../../../../pic32mx/lib\libmchp_peripheral_32MX460F512L.a(port_read_bits_lib.o)
 .debug_info    0x00015a0d       0xbf c:/program files (x86)/microchip/mplab c32 suite - 2.1/bin/../lib/gcc/pic32mx/4.5.1/../../../../pic32mx/lib\libmchp_peripheral_32MX460F512L.a(port_clear_bits_lib.o)
 .debug_info    0x00015acc       0xbb c:/program files (x86)/microchip/mplab c32 suite - 2.1/bin/../lib/gcc/pic32mx/4.5.1/../../../../pic32mx/lib\libmchp_peripheral_32MX460F512L.a(port_set_bits_lib.o)
 .debug_info    0x00015b87       0xc1 c:/program files (x86)/microchip/mplab c32 suite - 2.1/bin/../lib/gcc/pic32mx/4.5.1/../../../../pic32mx/lib\libmchp_peripheral_32MX460F512L.a(port_toggle_bits_lib.o)
 .debug_info    0x00015c48        0x0 c:/program files (x86)/microchip/mplab c32 suite - 2.1/bin/../lib/gcc/pic32mx/4.5.1/../../../../pic32mx/lib\libmchp_peripheral_32MX460F512L.a(_ports_tbl_libp.o)
 .debug_info    0x00015c48       0xc9 c:/program files (x86)/microchip/mplab c32 suite - 2.1/bin/../lib/gcc/pic32mx/4.5.1/../../../../pic32mx/lib\libmchp_peripheral_32MX460F512L.a(int_enable_interrupts_lib.o)
 .debug_info    0x00015d11      0x2d0 c:/program files (x86)/microchip/mplab c32 suite - 2.1/bin/../lib/gcc/pic32mx/4.5.1\libgcc.a(_floatundisf.o)
 .debug_info    0x00015fe1      0x783 c:/program files (x86)/microchip/mplab c32 suite - 2.1/bin/../lib/gcc/pic32mx/4.5.1\libgcc.a(_udivdi3.o)
 .debug_info    0x00016764      0x7c0 c:/program files (x86)/microchip/mplab c32 suite - 2.1/bin/../lib/gcc/pic32mx/4.5.1\libgcc.a(_umoddi3.o)

.debug_abbrev   0x00000000     0x21a4
 *(.debug_abbrev)
 .debug_abbrev  0x00000000      0x2c0 build/default/production/USB/usb_device.o
 .debug_abbrev  0x000002c0      0x2a5 build/default/production/USB/CDC Device Driver/usb_function_cdc.o
 .debug_abbrev  0x00000565      0x1e5 build/default/production/usb_descriptors.o
 .debug_abbrev  0x0000074a      0x2c0 build/default/production/main.o
 .debug_abbrev  0x00000a0a      0x2d3 build/default/production/D32.o
 .debug_abbrev  0x00000cdd      0x230 build/default/production/LCDlib.o
 .debug_abbrev  0x00000f0d      0x1f9 build/default/production/DataCapture.o
 .debug_abbrev  0x00001106      0x1ab build/default/production/ID.o
 .debug_abbrev  0x000012b1      0x1ac build/default/production/Utilities.o
 .debug_abbrev  0x0000145d      0x20a build/default/production/Camera.o
 .debug_abbrev  0x00001667      0x1eb build/default/production/ExtIO.o
 .debug_abbrev  0x00001852      0x1a6 build/default/production/Ports.o
 .debug_abbrev  0x000019f8       0x61 c:/program files (x86)/microchip/mplab c32 suite - 2.1/bin/../lib/gcc/pic32mx/4.5.1\libgcc.a(floatunsisf.o)
 .debug_abbrev  0x00001a59        0x1 c:/program files (x86)/microchip/mplab c32 suite - 2.1/bin/../lib/gcc/pic32mx/4.5.1/../../../../pic32mx/lib\libc.a(_iob.o)
 .debug_abbrev  0x00001a5a        0x1 c:/program files (x86)/microchip/mplab c32 suite - 2.1/bin/../lib/gcc/pic32mx/4.5.1/../../../../pic32mx/lib\libc.a(ctype.o)
 .debug_abbrev  0x00001a5b       0x25 c:/program files (x86)/microchip/mplab c32 suite - 2.1/bin/../lib/gcc/pic32mx/4.5.1/../../../../pic32mx/lib\libc.a(ctypef.o)
 .debug_abbrev  0x00001a80       0x25 c:/program files (x86)/microchip/mplab c32 suite - 2.1/bin/../lib/gcc/pic32mx/4.5.1/../../../../pic32mx/lib\libc.a(puts.o)
 .debug_abbrev  0x00001aa5       0x25 c:/program files (x86)/microchip/mplab c32 suite - 2.1/bin/../lib/gcc/pic32mx/4.5.1/../../../../pic32mx/lib\libc.a(strchr.o)
 .debug_abbrev  0x00001aca       0x25 c:/program files (x86)/microchip/mplab c32 suite - 2.1/bin/../lib/gcc/pic32mx/4.5.1/../../../../pic32mx/lib\libc.a(strtol.o)
 .debug_abbrev  0x00001aef       0x27 c:/program files (x86)/microchip/mplab c32 suite - 2.1/bin/../lib/gcc/pic32mx/4.5.1/../../../../pic32mx/lib\libc.a(printf_s.eo)
 .debug_abbrev  0x00001b16       0x25 c:/program files (x86)/microchip/mplab c32 suite - 2.1/bin/../lib/gcc/pic32mx/4.5.1/../../../../pic32mx/lib\libc.a(sprintf.o)
 .debug_abbrev  0x00001b3b       0x25 c:/program files (x86)/microchip/mplab c32 suite - 2.1/bin/../lib/gcc/pic32mx/4.5.1/../../../../pic32mx/lib\libc.a(default-general-exception-handler.o)
 .debug_abbrev  0x00001b60       0x25 c:/program files (x86)/microchip/mplab c32 suite - 2.1/bin/../lib/gcc/pic32mx/4.5.1/../../../../pic32mx/lib\libc.a(default-bootstrap-exception-handler.o)
 .debug_abbrev  0x00001b85       0x25 c:/program files (x86)/microchip/mplab c32 suite - 2.1/bin/../lib/gcc/pic32mx/4.5.1/../../../../pic32mx/lib\libc.a(default-on-reset.o)
 .debug_abbrev  0x00001baa       0x25 c:/program files (x86)/microchip/mplab c32 suite - 2.1/bin/../lib/gcc/pic32mx/4.5.1/../../../../pic32mx/lib\libc.a(default-on-bootstrap.o)
 .debug_abbrev  0x00001bcf       0x27 c:/program files (x86)/microchip/mplab c32 suite - 2.1/bin/../lib/gcc/pic32mx/4.5.1/../../../../pic32mx/lib\libc.a(_fputc_simple.o)
 .debug_abbrev  0x00001bf6        0x1 c:/program files (x86)/microchip/mplab c32 suite - 2.1/bin/../lib/gcc/pic32mx/4.5.1/../../../../pic32mx/lib\libc.a(errno.o)
 .debug_abbrev  0x00001bf7       0x27 c:/program files (x86)/microchip/mplab c32 suite - 2.1/bin/../lib/gcc/pic32mx/4.5.1/../../../../pic32mx/lib\libc.a(doprnt_s.eo)
 .debug_abbrev  0x00001c1e       0x38 c:/program files (x86)/microchip/mplab c32 suite - 2.1/bin/../lib/gcc/pic32mx/4.5.1/../../../../pic32mx/lib\libc.a(doprnt.o)
 .debug_abbrev  0x00001c56       0x25 c:/program files (x86)/microchip/mplab c32 suite - 2.1/bin/../lib/gcc/pic32mx/4.5.1/../../../../pic32mx/lib\libc.a(write.o)
 .debug_abbrev  0x00001c7b       0x27 c:/program files (x86)/microchip/mplab c32 suite - 2.1/bin/../lib/gcc/pic32mx/4.5.1/../../../../pic32mx/lib\libc.a(_flsbuf_simple.o)
 .debug_abbrev  0x00001ca2        0x1 c:/program files (x86)/microchip/mplab c32 suite - 2.1/bin/../lib/gcc/pic32mx/4.5.1/../../../../pic32mx/lib\libc.a(powers.o)
 .debug_abbrev  0x00001ca3       0x32 c:/program files (x86)/microchip/mplab c32 suite - 2.1/bin/../lib/gcc/pic32mx/4.5.1/../../../../pic32mx/lib\libe.a(_floatdisf.o)
 .debug_abbrev  0x00001cd5       0x25 c:/program files (x86)/microchip/mplab c32 suite - 2.1/bin/../lib/gcc/pic32mx/4.5.1/../../../../pic32mx/lib\libmchp_peripheral_32MX460F512L.a(pcache.o)
 .debug_abbrev  0x00001cfa       0x25 c:/program files (x86)/microchip/mplab c32 suite - 2.1/bin/../lib/gcc/pic32mx/4.5.1/../../../../pic32mx/lib\libmchp_peripheral_32MX460F512L.a(int_disable_interrupts_lib.o)
 .debug_abbrev  0x00001d1f       0x25 c:/program files (x86)/microchip/mplab c32 suite - 2.1/bin/../lib/gcc/pic32mx/4.5.1/../../../../pic32mx/lib\libmchp_peripheral_32MX460F512L.a(int_restore_interrupts_lib.o)
 .debug_abbrev  0x00001d44       0x25 c:/program files (x86)/microchip/mplab c32 suite - 2.1/bin/../lib/gcc/pic32mx/4.5.1/../../../../pic32mx/lib\libmchp_peripheral_32MX460F512L.a(int_enable_mv_int_lib.o)
 .debug_abbrev  0x00001d69       0x25 c:/program files (x86)/microchip/mplab c32 suite - 2.1/bin/../lib/gcc/pic32mx/4.5.1/../../../../pic32mx/lib\libmchp_peripheral_32MX460F512L.a(int_tbl_lib.o)
 .debug_abbrev  0x00001d8e       0x25 c:/program files (x86)/microchip/mplab c32 suite - 2.1/bin/../lib/gcc/pic32mx/4.5.1/../../../../pic32mx/lib\libmchp_peripheral_32MX460F512L.a(port_set_pins_digital_in_lib.o)
 .debug_abbrev  0x00001db3       0x25 c:/program files (x86)/microchip/mplab c32 suite - 2.1/bin/../lib/gcc/pic32mx/4.5.1/../../../../pic32mx/lib\libmchp_peripheral_32MX460F512L.a(port_set_pins_digital_out_lib.o)
 .debug_abbrev  0x00001dd8       0x25 c:/program files (x86)/microchip/mplab c32 suite - 2.1/bin/../lib/gcc/pic32mx/4.5.1/../../../../pic32mx/lib\libmchp_peripheral_32MX460F512L.a(port_read_bits_lib.o)
 .debug_abbrev  0x00001dfd       0x25 c:/program files (x86)/microchip/mplab c32 suite - 2.1/bin/../lib/gcc/pic32mx/4.5.1/../../../../pic32mx/lib\libmchp_peripheral_32MX460F512L.a(port_clear_bits_lib.o)
 .debug_abbrev  0x00001e22       0x25 c:/program files (x86)/microchip/mplab c32 suite - 2.1/bin/../lib/gcc/pic32mx/4.5.1/../../../../pic32mx/lib\libmchp_peripheral_32MX460F512L.a(port_set_bits_lib.o)
 .debug_abbrev  0x00001e47       0x25 c:/program files (x86)/microchip/mplab c32 suite - 2.1/bin/../lib/gcc/pic32mx/4.5.1/../../../../pic32mx/lib\libmchp_peripheral_32MX460F512L.a(port_toggle_bits_lib.o)
 .debug_abbrev  0x00001e6c        0x1 c:/program files (x86)/microchip/mplab c32 suite - 2.1/bin/../lib/gcc/pic32mx/4.5.1/../../../../pic32mx/lib\libmchp_peripheral_32MX460F512L.a(_ports_tbl_libp.o)
 .debug_abbrev  0x00001e6d       0x25 c:/program files (x86)/microchip/mplab c32 suite - 2.1/bin/../lib/gcc/pic32mx/4.5.1/../../../../pic32mx/lib\libmchp_peripheral_32MX460F512L.a(int_enable_interrupts_lib.o)
 .debug_abbrev  0x00001e92       0x79 c:/program files (x86)/microchip/mplab c32 suite - 2.1/bin/../lib/gcc/pic32mx/4.5.1\libgcc.a(_floatundisf.o)
 .debug_abbrev  0x00001f0b      0x13d c:/program files (x86)/microchip/mplab c32 suite - 2.1/bin/../lib/gcc/pic32mx/4.5.1\libgcc.a(_udivdi3.o)
 .debug_abbrev  0x00002048      0x15c c:/program files (x86)/microchip/mplab c32 suite - 2.1/bin/../lib/gcc/pic32mx/4.5.1\libgcc.a(_umoddi3.o)

.debug_line     0x00000000     0x2d7f
 *(.debug_line)
 .debug_line    0x00000000      0x58b build/default/production/USB/usb_device.o
 .debug_line    0x0000058b      0x2ca build/default/production/USB/CDC Device Driver/usb_function_cdc.o
 .debug_line    0x00000855      0x1a9 build/default/production/usb_descriptors.o
 .debug_line    0x000009fe      0x224 build/default/production/main.o
 .debug_line    0x00000c22      0x4fc build/default/production/D32.o
 .debug_line    0x0000111e      0x228 build/default/production/LCDlib.o
 .debug_line    0x00001346      0x1c6 build/default/production/DataCapture.o
 .debug_line    0x0000150c      0x18a build/default/production/ID.o
 .debug_line    0x00001696      0x17b build/default/production/Utilities.o
 .debug_line    0x00001811      0x1e2 build/default/production/Camera.o
 .debug_line    0x000019f3      0x253 build/default/production/ExtIO.o
 .debug_line    0x00001c46      0x16b build/default/production/Ports.o
 .debug_line    0x00001db1       0x6d c:/program files (x86)/microchip/mplab c32 suite - 2.1/bin/../lib/gcc/pic32mx/4.5.1\libgcc.a(floatunsisf.o)
 .debug_line    0x00001e1e        0x0 c:/program files (x86)/microchip/mplab c32 suite - 2.1/bin/../lib/gcc/pic32mx/4.5.1/../../../../pic32mx/lib\libc.a(_iob.o)
 .debug_line    0x00001e1e        0x0 c:/program files (x86)/microchip/mplab c32 suite - 2.1/bin/../lib/gcc/pic32mx/4.5.1/../../../../pic32mx/lib\libc.a(ctype.o)
 .debug_line    0x00001e1e       0x87 c:/program files (x86)/microchip/mplab c32 suite - 2.1/bin/../lib/gcc/pic32mx/4.5.1/../../../../pic32mx/lib\libc.a(ctypef.o)
 .debug_line    0x00001ea5       0x85 c:/program files (x86)/microchip/mplab c32 suite - 2.1/bin/../lib/gcc/pic32mx/4.5.1/../../../../pic32mx/lib\libc.a(puts.o)
 .debug_line    0x00001f2a       0x87 c:/program files (x86)/microchip/mplab c32 suite - 2.1/bin/../lib/gcc/pic32mx/4.5.1/../../../../pic32mx/lib\libc.a(strchr.o)
 .debug_line    0x00001fb1       0x87 c:/program files (x86)/microchip/mplab c32 suite - 2.1/bin/../lib/gcc/pic32mx/4.5.1/../../../../pic32mx/lib\libc.a(strtol.o)
 .debug_line    0x00002038       0x30 c:/program files (x86)/microchip/mplab c32 suite - 2.1/bin/../lib/gcc/pic32mx/4.5.1/../../../../pic32mx/lib\libc.a(printf_s.eo)
 .debug_line    0x00002068       0x88 c:/program files (x86)/microchip/mplab c32 suite - 2.1/bin/../lib/gcc/pic32mx/4.5.1/../../../../pic32mx/lib\libc.a(sprintf.o)
 .debug_line    0x000020f0       0xa4 c:/program files (x86)/microchip/mplab c32 suite - 2.1/bin/../lib/gcc/pic32mx/4.5.1/../../../../pic32mx/lib\libc.a(default-general-exception-handler.o)
 .debug_line    0x00002194       0xa6 c:/program files (x86)/microchip/mplab c32 suite - 2.1/bin/../lib/gcc/pic32mx/4.5.1/../../../../pic32mx/lib\libc.a(default-bootstrap-exception-handler.o)
 .debug_line    0x0000223a       0x93 c:/program files (x86)/microchip/mplab c32 suite - 2.1/bin/../lib/gcc/pic32mx/4.5.1/../../../../pic32mx/lib\libc.a(default-on-reset.o)
 .debug_line    0x000022cd       0x97 c:/program files (x86)/microchip/mplab c32 suite - 2.1/bin/../lib/gcc/pic32mx/4.5.1/../../../../pic32mx/lib\libc.a(default-on-bootstrap.o)
 .debug_line    0x00002364       0x2f c:/program files (x86)/microchip/mplab c32 suite - 2.1/bin/../lib/gcc/pic32mx/4.5.1/../../../../pic32mx/lib\libc.a(_fputc_simple.o)
 .debug_line    0x00002393        0x0 c:/program files (x86)/microchip/mplab c32 suite - 2.1/bin/../lib/gcc/pic32mx/4.5.1/../../../../pic32mx/lib\libc.a(errno.o)
 .debug_line    0x00002393       0x30 c:/program files (x86)/microchip/mplab c32 suite - 2.1/bin/../lib/gcc/pic32mx/4.5.1/../../../../pic32mx/lib\libc.a(doprnt_s.eo)
 .debug_line    0x000023c3       0x30 c:/program files (x86)/microchip/mplab c32 suite - 2.1/bin/../lib/gcc/pic32mx/4.5.1/../../../../pic32mx/lib\libc.a(doprnt.o)
 .debug_line    0x000023f3       0x88 c:/program files (x86)/microchip/mplab c32 suite - 2.1/bin/../lib/gcc/pic32mx/4.5.1/../../../../pic32mx/lib\libc.a(write.o)
 .debug_line    0x0000247b       0x30 c:/program files (x86)/microchip/mplab c32 suite - 2.1/bin/../lib/gcc/pic32mx/4.5.1/../../../../pic32mx/lib\libc.a(_flsbuf_simple.o)
 .debug_line    0x000024ab        0x0 c:/program files (x86)/microchip/mplab c32 suite - 2.1/bin/../lib/gcc/pic32mx/4.5.1/../../../../pic32mx/lib\libc.a(powers.o)
 .debug_line    0x000024ab       0xa6 c:/program files (x86)/microchip/mplab c32 suite - 2.1/bin/../lib/gcc/pic32mx/4.5.1/../../../../pic32mx/lib\libe.a(_floatdisf.o)
 .debug_line    0x00002551       0x62 c:/program files (x86)/microchip/mplab c32 suite - 2.1/bin/../lib/gcc/pic32mx/4.5.1/../../../../pic32mx/lib\libmchp_peripheral_32MX460F512L.a(pcache.o)
 .debug_line    0x000025b3       0x73 c:/program files (x86)/microchip/mplab c32 suite - 2.1/bin/../lib/gcc/pic32mx/4.5.1/../../../../pic32mx/lib\libmchp_peripheral_32MX460F512L.a(int_disable_interrupts_lib.o)
 .debug_line    0x00002626       0x73 c:/program files (x86)/microchip/mplab c32 suite - 2.1/bin/../lib/gcc/pic32mx/4.5.1/../../../../pic32mx/lib\libmchp_peripheral_32MX460F512L.a(int_restore_interrupts_lib.o)
 .debug_line    0x00002699       0x6e c:/program files (x86)/microchip/mplab c32 suite - 2.1/bin/../lib/gcc/pic32mx/4.5.1/../../../../pic32mx/lib\libmchp_peripheral_32MX460F512L.a(int_enable_mv_int_lib.o)
 .debug_line    0x00002707       0x64 c:/program files (x86)/microchip/mplab c32 suite - 2.1/bin/../lib/gcc/pic32mx/4.5.1/../../../../pic32mx/lib\libmchp_peripheral_32MX460F512L.a(int_tbl_lib.o)
 .debug_line    0x0000276b       0x77 c:/program files (x86)/microchip/mplab c32 suite - 2.1/bin/../lib/gcc/pic32mx/4.5.1/../../../../pic32mx/lib\libmchp_peripheral_32MX460F512L.a(port_set_pins_digital_in_lib.o)
 .debug_line    0x000027e2       0x78 c:/program files (x86)/microchip/mplab c32 suite - 2.1/bin/../lib/gcc/pic32mx/4.5.1/../../../../pic32mx/lib\libmchp_peripheral_32MX460F512L.a(port_set_pins_digital_out_lib.o)
 .debug_line    0x0000285a       0x6d c:/program files (x86)/microchip/mplab c32 suite - 2.1/bin/../lib/gcc/pic32mx/4.5.1/../../../../pic32mx/lib\libmchp_peripheral_32MX460F512L.a(port_read_bits_lib.o)
 .debug_line    0x000028c7       0x6e c:/program files (x86)/microchip/mplab c32 suite - 2.1/bin/../lib/gcc/pic32mx/4.5.1/../../../../pic32mx/lib\libmchp_peripheral_32MX460F512L.a(port_clear_bits_lib.o)
 .debug_line    0x00002935       0x6c c:/program files (x86)/microchip/mplab c32 suite - 2.1/bin/../lib/gcc/pic32mx/4.5.1/../../../../pic32mx/lib\libmchp_peripheral_32MX460F512L.a(port_set_bits_lib.o)
 .debug_line    0x000029a1       0x6f c:/program files (x86)/microchip/mplab c32 suite - 2.1/bin/../lib/gcc/pic32mx/4.5.1/../../../../pic32mx/lib\libmchp_peripheral_32MX460F512L.a(port_toggle_bits_lib.o)
 .debug_line    0x00002a10        0x0 c:/program files (x86)/microchip/mplab c32 suite - 2.1/bin/../lib/gcc/pic32mx/4.5.1/../../../../pic32mx/lib\libmchp_peripheral_32MX460F512L.a(_ports_tbl_libp.o)
 .debug_line    0x00002a10       0x72 c:/program files (x86)/microchip/mplab c32 suite - 2.1/bin/../lib/gcc/pic32mx/4.5.1/../../../../pic32mx/lib\libmchp_peripheral_32MX460F512L.a(int_enable_interrupts_lib.o)
 .debug_line    0x00002a82       0xc3 c:/program files (x86)/microchip/mplab c32 suite - 2.1/bin/../lib/gcc/pic32mx/4.5.1\libgcc.a(_floatundisf.o)
 .debug_line    0x00002b45      0x112 c:/program files (x86)/microchip/mplab c32 suite - 2.1/bin/../lib/gcc/pic32mx/4.5.1\libgcc.a(_udivdi3.o)
 .debug_line    0x00002c57      0x128 c:/program files (x86)/microchip/mplab c32 suite - 2.1/bin/../lib/gcc/pic32mx/4.5.1\libgcc.a(_umoddi3.o)

.debug_frame    0x00000000      0xe38
 *(.debug_frame)
 .debug_frame   0x00000000      0x26c build/default/production/USB/usb_device.o
 .debug_frame   0x0000026c       0xc4 build/default/production/USB/CDC Device Driver/usb_function_cdc.o
 .debug_frame   0x00000330       0x48 build/default/production/main.o
 .debug_frame   0x00000378      0x190 build/default/production/D32.o
 .debug_frame   0x00000508       0x98 build/default/production/LCDlib.o
 .debug_frame   0x000005a0       0xc4 build/default/production/DataCapture.o
 .debug_frame   0x00000664       0x2c build/default/production/ID.o
 .debug_frame   0x00000690       0x28 build/default/production/Utilities.o
 .debug_frame   0x000006b8       0x74 build/default/production/Camera.o
 .debug_frame   0x0000072c       0x74 build/default/production/ExtIO.o
 .debug_frame   0x000007a0       0x28 build/default/production/Ports.o
 .debug_frame   0x000007c8       0x28 c:/program files (x86)/microchip/mplab c32 suite - 2.1/bin/../lib/gcc/pic32mx/4.5.1\libgcc.a(floatunsisf.o)
 .debug_frame   0x000007f0      0x120 c:/program files (x86)/microchip/mplab c32 suite - 2.1/bin/../lib/gcc/pic32mx/4.5.1/../../../../pic32mx/lib\libc.a(ctypef.o)
 .debug_frame   0x00000910       0x48 c:/program files (x86)/microchip/mplab c32 suite - 2.1/bin/../lib/gcc/pic32mx/4.5.1/../../../../pic32mx/lib\libc.a(puts.o)
 .debug_frame   0x00000958       0x20 c:/program files (x86)/microchip/mplab c32 suite - 2.1/bin/../lib/gcc/pic32mx/4.5.1/../../../../pic32mx/lib\libc.a(strchr.o)
 .debug_frame   0x00000978       0x5c c:/program files (x86)/microchip/mplab c32 suite - 2.1/bin/../lib/gcc/pic32mx/4.5.1/../../../../pic32mx/lib\libc.a(strtol.o)
 .debug_frame   0x000009d4       0x28 c:/program files (x86)/microchip/mplab c32 suite - 2.1/bin/../lib/gcc/pic32mx/4.5.1/../../../../pic32mx/lib\libc.a(printf_s.eo)
 .debug_frame   0x000009fc       0x2c c:/program files (x86)/microchip/mplab c32 suite - 2.1/bin/../lib/gcc/pic32mx/4.5.1/../../../../pic32mx/lib\libc.a(sprintf.o)
 .debug_frame   0x00000a28       0x20 c:/program files (x86)/microchip/mplab c32 suite - 2.1/bin/../lib/gcc/pic32mx/4.5.1/../../../../pic32mx/lib\libc.a(default-general-exception-handler.o)
 .debug_frame   0x00000a48       0x20 c:/program files (x86)/microchip/mplab c32 suite - 2.1/bin/../lib/gcc/pic32mx/4.5.1/../../../../pic32mx/lib\libc.a(default-bootstrap-exception-handler.o)
 .debug_frame   0x00000a68       0x20 c:/program files (x86)/microchip/mplab c32 suite - 2.1/bin/../lib/gcc/pic32mx/4.5.1/../../../../pic32mx/lib\libc.a(default-on-reset.o)
 .debug_frame   0x00000a88       0x20 c:/program files (x86)/microchip/mplab c32 suite - 2.1/bin/../lib/gcc/pic32mx/4.5.1/../../../../pic32mx/lib\libc.a(default-on-bootstrap.o)
 .debug_frame   0x00000aa8       0x2c c:/program files (x86)/microchip/mplab c32 suite - 2.1/bin/../lib/gcc/pic32mx/4.5.1/../../../../pic32mx/lib\libc.a(_fputc_simple.o)
 .debug_frame   0x00000ad4       0x3c c:/program files (x86)/microchip/mplab c32 suite - 2.1/bin/../lib/gcc/pic32mx/4.5.1/../../../../pic32mx/lib\libc.a(doprnt_s.eo)
 .debug_frame   0x00000b10       0x74 c:/program files (x86)/microchip/mplab c32 suite - 2.1/bin/../lib/gcc/pic32mx/4.5.1/../../../../pic32mx/lib\libc.a(doprnt.o)
 .debug_frame   0x00000b84       0x28 c:/program files (x86)/microchip/mplab c32 suite - 2.1/bin/../lib/gcc/pic32mx/4.5.1/../../../../pic32mx/lib\libc.a(write.o)
 .debug_frame   0x00000bac       0x28 c:/program files (x86)/microchip/mplab c32 suite - 2.1/bin/../lib/gcc/pic32mx/4.5.1/../../../../pic32mx/lib\libc.a(_flsbuf_simple.o)
 .debug_frame   0x00000bd4       0x20 c:/program files (x86)/microchip/mplab c32 suite - 2.1/bin/../lib/gcc/pic32mx/4.5.1/../../../../pic32mx/lib\libe.a(_floatdisf.o)
 .debug_frame   0x00000bf4       0x30 c:/program files (x86)/microchip/mplab c32 suite - 2.1/bin/../lib/gcc/pic32mx/4.5.1/../../../../pic32mx/lib\libmchp_peripheral_32MX460F512L.a(pcache.o)
 .debug_frame   0x00000c24       0x20 c:/program files (x86)/microchip/mplab c32 suite - 2.1/bin/../lib/gcc/pic32mx/4.5.1/../../../../pic32mx/lib\libmchp_peripheral_32MX460F512L.a(int_disable_interrupts_lib.o)
 .debug_frame   0x00000c44       0x20 c:/program files (x86)/microchip/mplab c32 suite - 2.1/bin/../lib/gcc/pic32mx/4.5.1/../../../../pic32mx/lib\libmchp_peripheral_32MX460F512L.a(int_restore_interrupts_lib.o)
 .debug_frame   0x00000c64       0x28 c:/program files (x86)/microchip/mplab c32 suite - 2.1/bin/../lib/gcc/pic32mx/4.5.1/../../../../pic32mx/lib\libmchp_peripheral_32MX460F512L.a(int_enable_mv_int_lib.o)
 .debug_frame   0x00000c8c       0xa0 c:/program files (x86)/microchip/mplab c32 suite - 2.1/bin/../lib/gcc/pic32mx/4.5.1/../../../../pic32mx/lib\libmchp_peripheral_32MX460F512L.a(int_tbl_lib.o)
 .debug_frame   0x00000d2c       0x20 c:/program files (x86)/microchip/mplab c32 suite - 2.1/bin/../lib/gcc/pic32mx/4.5.1/../../../../pic32mx/lib\libmchp_peripheral_32MX460F512L.a(port_set_pins_digital_in_lib.o)
 .debug_frame   0x00000d4c       0x20 c:/program files (x86)/microchip/mplab c32 suite - 2.1/bin/../lib/gcc/pic32mx/4.5.1/../../../../pic32mx/lib\libmchp_peripheral_32MX460F512L.a(port_set_pins_digital_out_lib.o)
 .debug_frame   0x00000d6c       0x20 c:/program files (x86)/microchip/mplab c32 suite - 2.1/bin/../lib/gcc/pic32mx/4.5.1/../../../../pic32mx/lib\libmchp_peripheral_32MX460F512L.a(port_read_bits_lib.o)
 .debug_frame   0x00000d8c       0x20 c:/program files (x86)/microchip/mplab c32 suite - 2.1/bin/../lib/gcc/pic32mx/4.5.1/../../../../pic32mx/lib\libmchp_peripheral_32MX460F512L.a(port_clear_bits_lib.o)
 .debug_frame   0x00000dac       0x20 c:/program files (x86)/microchip/mplab c32 suite - 2.1/bin/../lib/gcc/pic32mx/4.5.1/../../../../pic32mx/lib\libmchp_peripheral_32MX460F512L.a(port_set_bits_lib.o)
 .debug_frame   0x00000dcc       0x20 c:/program files (x86)/microchip/mplab c32 suite - 2.1/bin/../lib/gcc/pic32mx/4.5.1/../../../../pic32mx/lib\libmchp_peripheral_32MX460F512L.a(port_toggle_bits_lib.o)
 .debug_frame   0x00000dec       0x20 c:/program files (x86)/microchip/mplab c32 suite - 2.1/bin/../lib/gcc/pic32mx/4.5.1/../../../../pic32mx/lib\libmchp_peripheral_32MX460F512L.a(int_enable_interrupts_lib.o)
 .debug_frame   0x00000e0c       0x2c c:/program files (x86)/microchip/mplab c32 suite - 2.1/bin/../lib/gcc/pic32mx/4.5.1\libgcc.a(_floatundisf.o)

.debug_str      0x00000000     0x1016
 *(.debug_str)
 .debug_str     0x00000000      0x299 build/default/production/USB/usb_device.o
 .debug_str     0x00000299      0x1b7 build/default/production/USB/CDC Device Driver/usb_function_cdc.o
 .debug_str     0x00000450      0x10c build/default/production/usb_descriptors.o
 .debug_str     0x0000055c      0x115 build/default/production/main.o
 .debug_str     0x00000671      0x26a build/default/production/D32.o
 .debug_str     0x000008db       0xe2 build/default/production/LCDlib.o
 .debug_str     0x000009bd      0x140 build/default/production/DataCapture.o
 .debug_str     0x00000afd      0x103 build/default/production/ID.o
 .debug_str     0x00000c00       0xe2 build/default/production/Utilities.o
 .debug_str     0x00000ce2      0x12a build/default/production/Camera.o
 .debug_str     0x00000e0c      0x128 build/default/production/ExtIO.o
 .debug_str     0x00000f34       0xe2 build/default/production/Ports.o
 .debug_str     0x00001016        0x0 c:/program files (x86)/microchip/mplab c32 suite - 2.1/bin/../lib/gcc/pic32mx/4.5.1\libgcc.a(floatunsisf.o)
 .debug_str     0x00001016        0x0 c:/program files (x86)/microchip/mplab c32 suite - 2.1/bin/../lib/gcc/pic32mx/4.5.1/../../../../pic32mx/lib\libc.a(_iob.o)
 .debug_str     0x00001016        0x0 c:/program files (x86)/microchip/mplab c32 suite - 2.1/bin/../lib/gcc/pic32mx/4.5.1/../../../../pic32mx/lib\libc.a(ctype.o)
 .debug_str     0x00001016        0x0 c:/program files (x86)/microchip/mplab c32 suite - 2.1/bin/../lib/gcc/pic32mx/4.5.1/../../../../pic32mx/lib\libc.a(ctypef.o)
 .debug_str     0x00001016        0x0 c:/program files (x86)/microchip/mplab c32 suite - 2.1/bin/../lib/gcc/pic32mx/4.5.1/../../../../pic32mx/lib\libc.a(puts.o)
 .debug_str     0x00001016        0x0 c:/program files (x86)/microchip/mplab c32 suite - 2.1/bin/../lib/gcc/pic32mx/4.5.1/../../../../pic32mx/lib\libc.a(strchr.o)
 .debug_str     0x00001016        0x0 c:/program files (x86)/microchip/mplab c32 suite - 2.1/bin/../lib/gcc/pic32mx/4.5.1/../../../../pic32mx/lib\libc.a(strtol.o)
 .debug_str     0x00001016        0x0 c:/program files (x86)/microchip/mplab c32 suite - 2.1/bin/../lib/gcc/pic32mx/4.5.1/../../../../pic32mx/lib\libc.a(printf_s.eo)
 .debug_str     0x00001016        0x0 c:/program files (x86)/microchip/mplab c32 suite - 2.1/bin/../lib/gcc/pic32mx/4.5.1/../../../../pic32mx/lib\libc.a(sprintf.o)
 .debug_str     0x00001016        0x0 c:/program files (x86)/microchip/mplab c32 suite - 2.1/bin/../lib/gcc/pic32mx/4.5.1/../../../../pic32mx/lib\libc.a(default-general-exception-handler.o)
 .debug_str     0x00001016        0x0 c:/program files (x86)/microchip/mplab c32 suite - 2.1/bin/../lib/gcc/pic32mx/4.5.1/../../../../pic32mx/lib\libc.a(default-bootstrap-exception-handler.o)
 .debug_str     0x00001016        0x0 c:/program files (x86)/microchip/mplab c32 suite - 2.1/bin/../lib/gcc/pic32mx/4.5.1/../../../../pic32mx/lib\libc.a(default-on-reset.o)
 .debug_str     0x00001016        0x0 c:/program files (x86)/microchip/mplab c32 suite - 2.1/bin/../lib/gcc/pic32mx/4.5.1/../../../../pic32mx/lib\libc.a(default-on-bootstrap.o)
 .debug_str     0x00001016        0x0 c:/program files (x86)/microchip/mplab c32 suite - 2.1/bin/../lib/gcc/pic32mx/4.5.1/../../../../pic32mx/lib\libc.a(_fputc_simple.o)
 .debug_str     0x00001016        0x0 c:/program files (x86)/microchip/mplab c32 suite - 2.1/bin/../lib/gcc/pic32mx/4.5.1/../../../../pic32mx/lib\libc.a(errno.o)
 .debug_str     0x00001016        0x0 c:/program files (x86)/microchip/mplab c32 suite - 2.1/bin/../lib/gcc/pic32mx/4.5.1/../../../../pic32mx/lib\libc.a(doprnt_s.eo)
 .debug_str     0x00001016        0x0 c:/program files (x86)/microchip/mplab c32 suite - 2.1/bin/../lib/gcc/pic32mx/4.5.1/../../../../pic32mx/lib\libc.a(doprnt.o)
 .debug_str     0x00001016        0x0 c:/program files (x86)/microchip/mplab c32 suite - 2.1/bin/../lib/gcc/pic32mx/4.5.1/../../../../pic32mx/lib\libc.a(write.o)
 .debug_str     0x00001016        0x0 c:/program files (x86)/microchip/mplab c32 suite - 2.1/bin/../lib/gcc/pic32mx/4.5.1/../../../../pic32mx/lib\libc.a(_flsbuf_simple.o)
 .debug_str     0x00001016        0x0 c:/program files (x86)/microchip/mplab c32 suite - 2.1/bin/../lib/gcc/pic32mx/4.5.1/../../../../pic32mx/lib\libc.a(powers.o)
 .debug_str     0x00001016        0x0 c:/program files (x86)/microchip/mplab c32 suite - 2.1/bin/../lib/gcc/pic32mx/4.5.1/../../../../pic32mx/lib\libe.a(_floatdisf.o)
 .debug_str     0x00001016        0x0 c:/program files (x86)/microchip/mplab c32 suite - 2.1/bin/../lib/gcc/pic32mx/4.5.1/../../../../pic32mx/lib\libmchp_peripheral_32MX460F512L.a(pcache.o)
 .debug_str     0x00001016        0x0 c:/program files (x86)/microchip/mplab c32 suite - 2.1/bin/../lib/gcc/pic32mx/4.5.1/../../../../pic32mx/lib\libmchp_peripheral_32MX460F512L.a(int_disable_interrupts_lib.o)
 .debug_str     0x00001016        0x0 c:/program files (x86)/microchip/mplab c32 suite - 2.1/bin/../lib/gcc/pic32mx/4.5.1/../../../../pic32mx/lib\libmchp_peripheral_32MX460F512L.a(int_restore_interrupts_lib.o)
 .debug_str     0x00001016        0x0 c:/program files (x86)/microchip/mplab c32 suite - 2.1/bin/../lib/gcc/pic32mx/4.5.1/../../../../pic32mx/lib\libmchp_peripheral_32MX460F512L.a(int_enable_mv_int_lib.o)
 .debug_str     0x00001016        0x0 c:/program files (x86)/microchip/mplab c32 suite - 2.1/bin/../lib/gcc/pic32mx/4.5.1/../../../../pic32mx/lib\libmchp_peripheral_32MX460F512L.a(int_tbl_lib.o)
 .debug_str     0x00001016        0x0 c:/program files (x86)/microchip/mplab c32 suite - 2.1/bin/../lib/gcc/pic32mx/4.5.1/../../../../pic32mx/lib\libmchp_peripheral_32MX460F512L.a(port_set_pins_digital_in_lib.o)
 .debug_str     0x00001016        0x0 c:/program files (x86)/microchip/mplab c32 suite - 2.1/bin/../lib/gcc/pic32mx/4.5.1/../../../../pic32mx/lib\libmchp_peripheral_32MX460F512L.a(port_set_pins_digital_out_lib.o)
 .debug_str     0x00001016        0x0 c:/program files (x86)/microchip/mplab c32 suite - 2.1/bin/../lib/gcc/pic32mx/4.5.1/../../../../pic32mx/lib\libmchp_peripheral_32MX460F512L.a(port_read_bits_lib.o)
 .debug_str     0x00001016        0x0 c:/program files (x86)/microchip/mplab c32 suite - 2.1/bin/../lib/gcc/pic32mx/4.5.1/../../../../pic32mx/lib\libmchp_peripheral_32MX460F512L.a(port_clear_bits_lib.o)
 .debug_str     0x00001016        0x0 c:/program files (x86)/microchip/mplab c32 suite - 2.1/bin/../lib/gcc/pic32mx/4.5.1/../../../../pic32mx/lib\libmchp_peripheral_32MX460F512L.a(port_set_bits_lib.o)
 .debug_str     0x00001016        0x0 c:/program files (x86)/microchip/mplab c32 suite - 2.1/bin/../lib/gcc/pic32mx/4.5.1/../../../../pic32mx/lib\libmchp_peripheral_32MX460F512L.a(port_toggle_bits_lib.o)
 .debug_str     0x00001016        0x0 c:/program files (x86)/microchip/mplab c32 suite - 2.1/bin/../lib/gcc/pic32mx/4.5.1/../../../../pic32mx/lib\libmchp_peripheral_32MX460F512L.a(_ports_tbl_libp.o)
 .debug_str     0x00001016        0x0 c:/program files (x86)/microchip/mplab c32 suite - 2.1/bin/../lib/gcc/pic32mx/4.5.1/../../../../pic32mx/lib\libmchp_peripheral_32MX460F512L.a(int_enable_interrupts_lib.o)
 .debug_str     0x00001016        0x0 c:/program files (x86)/microchip/mplab c32 suite - 2.1/bin/../lib/gcc/pic32mx/4.5.1\libgcc.a(_floatundisf.o)
 .debug_str     0x00001016        0x0 c:/program files (x86)/microchip/mplab c32 suite - 2.1/bin/../lib/gcc/pic32mx/4.5.1\libgcc.a(_udivdi3.o)
 .debug_str     0x00001016        0x0 c:/program files (x86)/microchip/mplab c32 suite - 2.1/bin/../lib/gcc/pic32mx/4.5.1\libgcc.a(_umoddi3.o)

.debug_loc      0x00000000     0x1595
 *(.debug_loc)
 .debug_loc     0x00000000       0x68 c:/program files (x86)/microchip/mplab c32 suite - 2.1/bin/../lib/gcc/pic32mx/4.5.1\libgcc.a(floatunsisf.o)
 .debug_loc     0x00000068       0xc9 c:/program files (x86)/microchip/mplab c32 suite - 2.1/bin/../lib/gcc/pic32mx/4.5.1\libgcc.a(_floatundisf.o)
 .debug_loc     0x00000131      0xa47 c:/program files (x86)/microchip/mplab c32 suite - 2.1/bin/../lib/gcc/pic32mx/4.5.1\libgcc.a(_udivdi3.o)
 .debug_loc     0x00000b78      0xa1d c:/program files (x86)/microchip/mplab c32 suite - 2.1/bin/../lib/gcc/pic32mx/4.5.1\libgcc.a(_umoddi3.o)

.debug_macinfo
 *(.debug_macinfo)

.debug_weaknames
 *(.debug_weaknames)

.debug_funcnames
 *(.debug_funcnames)

.debug_typenames
 *(.debug_typenames)

.debug_varnames
 *(.debug_varnames)

.debug_pubtypes
                0x00000000      0xe27
 *(.debug_pubtypes)
 .debug_pubtypes
                0x00000000      0x27c build/default/production/USB/usb_device.o
 .debug_pubtypes
                0x0000027c      0x1f6 build/default/production/USB/CDC Device Driver/usb_function_cdc.o
 .debug_pubtypes
                0x00000472      0x104 build/default/production/usb_descriptors.o
 .debug_pubtypes
                0x00000576       0xe2 build/default/production/main.o
 .debug_pubtypes
                0x00000658      0x154 build/default/production/D32.o
 .debug_pubtypes
                0x000007ac       0xbd build/default/production/LCDlib.o
 .debug_pubtypes
                0x00000869       0xd1 build/default/production/DataCapture.o
 .debug_pubtypes
                0x0000093a       0xbd build/default/production/ID.o
 .debug_pubtypes
                0x000009f7       0xbd build/default/production/Utilities.o
 .debug_pubtypes
                0x00000ab4       0xbd build/default/production/Camera.o
 .debug_pubtypes
                0x00000b71       0xd3 build/default/production/ExtIO.o
 .debug_pubtypes
                0x00000c44       0xbd build/default/production/Ports.o
 .debug_pubtypes
                0x00000d01       0x34 c:/program files (x86)/microchip/mplab c32 suite - 2.1/bin/../lib/gcc/pic32mx/4.5.1\libgcc.a(floatunsisf.o)
 .debug_pubtypes
                0x00000d35       0x40 c:/program files (x86)/microchip/mplab c32 suite - 2.1/bin/../lib/gcc/pic32mx/4.5.1\libgcc.a(_floatundisf.o)
 .debug_pubtypes
                0x00000d75       0x59 c:/program files (x86)/microchip/mplab c32 suite - 2.1/bin/../lib/gcc/pic32mx/4.5.1\libgcc.a(_udivdi3.o)
 .debug_pubtypes
                0x00000dce       0x59 c:/program files (x86)/microchip/mplab c32 suite - 2.1/bin/../lib/gcc/pic32mx/4.5.1\libgcc.a(_umoddi3.o)

.debug_ranges   0x00000000      0x490
 *(.debug_ranges)
 .debug_ranges  0x00000000       0x18 build/default/production/USB/usb_device.o
 .debug_ranges  0x00000018       0x18 build/default/production/main.o
 .debug_ranges  0x00000030       0x90 c:/program files (x86)/microchip/mplab c32 suite - 2.1/bin/../lib/gcc/pic32mx/4.5.1/../../../../pic32mx/lib\libc.a(ctypef.o)
 .debug_ranges  0x000000c0       0x18 c:/program files (x86)/microchip/mplab c32 suite - 2.1/bin/../lib/gcc/pic32mx/4.5.1/../../../../pic32mx/lib\libc.a(puts.o)
 .debug_ranges  0x000000d8       0x10 c:/program files (x86)/microchip/mplab c32 suite - 2.1/bin/../lib/gcc/pic32mx/4.5.1/../../../../pic32mx/lib\libc.a(strchr.o)
 .debug_ranges  0x000000e8       0x18 c:/program files (x86)/microchip/mplab c32 suite - 2.1/bin/../lib/gcc/pic32mx/4.5.1/../../../../pic32mx/lib\libc.a(strtol.o)
 .debug_ranges  0x00000100       0x10 c:/program files (x86)/microchip/mplab c32 suite - 2.1/bin/../lib/gcc/pic32mx/4.5.1/../../../../pic32mx/lib\libc.a(printf_s.eo)
 .debug_ranges  0x00000110       0x10 c:/program files (x86)/microchip/mplab c32 suite - 2.1/bin/../lib/gcc/pic32mx/4.5.1/../../../../pic32mx/lib\libc.a(sprintf.o)
 .debug_ranges  0x00000120       0x10 c:/program files (x86)/microchip/mplab c32 suite - 2.1/bin/../lib/gcc/pic32mx/4.5.1/../../../../pic32mx/lib\libc.a(default-general-exception-handler.o)
 .debug_ranges  0x00000130       0x10 c:/program files (x86)/microchip/mplab c32 suite - 2.1/bin/../lib/gcc/pic32mx/4.5.1/../../../../pic32mx/lib\libc.a(default-bootstrap-exception-handler.o)
 .debug_ranges  0x00000140       0x10 c:/program files (x86)/microchip/mplab c32 suite - 2.1/bin/../lib/gcc/pic32mx/4.5.1/../../../../pic32mx/lib\libc.a(default-on-reset.o)
 .debug_ranges  0x00000150       0x10 c:/program files (x86)/microchip/mplab c32 suite - 2.1/bin/../lib/gcc/pic32mx/4.5.1/../../../../pic32mx/lib\libc.a(default-on-bootstrap.o)
 .debug_ranges  0x00000160       0x10 c:/program files (x86)/microchip/mplab c32 suite - 2.1/bin/../lib/gcc/pic32mx/4.5.1/../../../../pic32mx/lib\libc.a(_fputc_simple.o)
 .debug_ranges  0x00000170       0x10 c:/program files (x86)/microchip/mplab c32 suite - 2.1/bin/../lib/gcc/pic32mx/4.5.1/../../../../pic32mx/lib\libc.a(doprnt_s.eo)
 .debug_ranges  0x00000180       0x20 c:/program files (x86)/microchip/mplab c32 suite - 2.1/bin/../lib/gcc/pic32mx/4.5.1/../../../../pic32mx/lib\libc.a(doprnt.o)
 .debug_ranges  0x000001a0       0x10 c:/program files (x86)/microchip/mplab c32 suite - 2.1/bin/../lib/gcc/pic32mx/4.5.1/../../../../pic32mx/lib\libc.a(write.o)
 .debug_ranges  0x000001b0       0x10 c:/program files (x86)/microchip/mplab c32 suite - 2.1/bin/../lib/gcc/pic32mx/4.5.1/../../../../pic32mx/lib\libc.a(_flsbuf_simple.o)
 .debug_ranges  0x000001c0       0x10 c:/program files (x86)/microchip/mplab c32 suite - 2.1/bin/../lib/gcc/pic32mx/4.5.1/../../../../pic32mx/lib\libe.a(_floatdisf.o)
 .debug_ranges  0x000001d0       0x18 c:/program files (x86)/microchip/mplab c32 suite - 2.1/bin/../lib/gcc/pic32mx/4.5.1/../../../../pic32mx/lib\libmchp_peripheral_32MX460F512L.a(pcache.o)
 .debug_ranges  0x000001e8       0x10 c:/program files (x86)/microchip/mplab c32 suite - 2.1/bin/../lib/gcc/pic32mx/4.5.1/../../../../pic32mx/lib\libmchp_peripheral_32MX460F512L.a(int_disable_interrupts_lib.o)